<html>
<body>
<pre>
<h1>礦ision Build Log</h1>
<h2>Tool Versions:</h2>
IDE-Version: μVision V5.27.1.0
Copyright (C) 2019 ARM Ltd and ARM Germany GmbH. All rights reserved.
License Information: wcf Administrator, wcf, LIC=MPP74-FJL53-T30MI-TPRPK-NS04C-H0YJT
 
Tool Versions:
Toolchain:       MDK-ARM Plus  Version: 5.27.1.0
Toolchain Path:  C:\Keil_v5\ARM\ARMCC\Bin
C Compiler:      Armcc.exe V5.06 update 6 (build 750)
Assembler:       Armasm.exe V5.06 update 6 (build 750)
Linker/Locator:  ArmLink.exe V5.06 update 6 (build 750)
Library Manager: ArmAr.exe V5.06 update 6 (build 750)
Hex Converter:   FromElf.exe V5.06 update 6 (build 750)
CPU DLL:         SARMCM3.DLL V5.27.1.0
Dialog DLL:      DCM.DLL V1.17.2.0
Target DLL:      STLink\ST-LINKIII-KEIL_SWO.dll V3.0.6.0
Dialog DLL:      TCM.DLL V1.36.1.0
 
<h2>Project:</h2>
H:\气体检测\code\3，EMWIN扩展例程\stm32f429\USER\STemWin.uvprojx
Project File Date:  05/17/2019

<h2>Output:</h2>
*** Using Compiler 'V5.06 update 6 (build 750)', folder: 'C:\Keil_v5\ARM\ARMCC\Bin'
Build target 'STemWin RGBLCD'
compiling Fan_recordDLG.c...
..\EMWIN_DEMO\HZDEMO\Fan_recordDLG.c(231): warning:  #177-D: variable "p"  was declared but never referenced
  	char *p;
..\EMWIN_DEMO\HZDEMO\Fan_recordDLG.c(320): warning:  #177-D: variable "j"  was declared but never referenced
  	int i,j;
..\EMWIN_DEMO\HZDEMO\Fan_recordDLG.c(90): warning:  #177-D: variable "tempfan"  was declared but never referenced
  static char **tempfan;
..\EMWIN_DEMO\HZDEMO\Fan_recordDLG.c(93): warning:  #177-D: variable "fan_ListView1"  was declared but never referenced
  static  char *fan_ListView1[7][4];
..\EMWIN_DEMO\HZDEMO\Fan_recordDLG.c: 4 warnings, 0 errors
linking...
Program Size: Code=216160 RO-data=78568 RW-data=2796 ZI-data=24489916  
FromELF: creating hex file...
"..\OBJ\Tempate.axf" - 0 Error(s), 4 Warning(s).

<h2>Software Packages used:</h2>

Package Vendor: Keil
                http://www.keil.com/pack/Keil.STM32F4xx_DFP.2.13.0.pack
                Keil.STM32F4xx_DFP.2.13.0
                STMicroelectronics STM32F4 Series Device Support, Drivers and Examples

<h2>Collection of Component include folders:</h2>
  .\RTE\_STemWin_RGBLCD
  C:\Users\Administrator\AppData\Local\Arm\Packs\Keil\STM32F4xx_DFP\2.13.0\Drivers\CMSIS\Device\ST\STM32F4xx\Include

<h2>Collection of Component Files used:</h2>
Build Time Elapsed:  00:00:05
</pre>
</body>
</html>
