<html>
<body>
<pre>
<h1>礦ision Build Log</h1>
<h2>Tool Versions:</h2>
IDE-Version: μVision V5.27.1.0
Copyright (C) 2019 ARM Ltd and ARM Germany GmbH. All rights reserved.
License Information: wcf Administrator, wcf, LIC=MPP74-FJL53-T30MI-TPRPK-NS04C-H0YJT
 
Tool Versions:
Toolchain:       MDK-ARM Plus  Version: 5.27.1.0
Toolchain Path:  C:\Keil_v5\ARM\ARMCC\Bin
C Compiler:      Armcc.exe V5.06 update 6 (build 750)
Assembler:       Armasm.exe V5.06 update 6 (build 750)
Linker/Locator:  ArmLink.exe V5.06 update 6 (build 750)
Library Manager: ArmAr.exe V5.06 update 6 (build 750)
Hex Converter:   FromElf.exe V5.06 update 6 (build 750)
CPU DLL:         SARMCM3.DLL V5.27.1.0
Dialog DLL:      DCM.DLL V1.17.2.0
Target DLL:      STLink\ST-LINKIII-KEIL_SWO.dll V3.0.6.0
Dialog DLL:      TCM.DLL V1.36.1.0
 
<h2>Project:</h2>
H:\气体检测\code\3，EMWIN扩展例程\stm32f429\USER\STemWin.uvprojx
Project File Date:  05/16/2019

<h2>Output:</h2>
*** Using Compiler 'V5.06 update 6 (build 750)', folder: 'C:\Keil_v5\ARM\ARMCC\Bin'
Build target 'STemWin RGBLCD'
compiling ini.c...
..\EMWIN_DEMO\HZDEMO\ini.h(10): warning:  #1295-D: Deprecated declaration iniFileFree - give arg types
  void iniFileFree();
..\EMWIN_DEMO\HZDEMO\ini.h(24): warning:  #1-D: last line of file ends without a newline
  #endif
..\EMWIN_DEMO\HZDEMO\ini.c(37): warning:  #223-D: function "isspace" declared implicitly
  	while ((p2 >= s) && isspace(*p2))
..\EMWIN_DEMO\HZDEMO\ini.c(41): warning:  #223-D: function "isspace" declared implicitly
  	while (*p1 && isspace(*p1))
..\EMWIN_DEMO\HZDEMO\ini.c(44): warning:  #223-D: function "memmove" declared implicitly
  		memmove(s, p1, p2 - p1 + 2);
..\EMWIN_DEMO\HZDEMO\ini.c(336): warning:  #223-D: function "memmove" declared implicitly
   		memmove(value, value + 1, len - 1);
..\EMWIN_DEMO\HZDEMO\ini.c(340): warning:  #223-D: function "memmove" declared implicitly
   		memmove(value, value + 1, len - 1);
..\EMWIN_DEMO\HZDEMO\ini.c(471): warning:  #177-D: variable "value"  was declared but never referenced
   	char value[256];
..\EMWIN_DEMO\HZDEMO\ini.c(472): warning:  #177-D: variable "stadate"  was declared but never referenced
   	char stadate[10];
..\EMWIN_DEMO\HZDEMO\ini.c(473): warning:  #177-D: variable "enddate"  was declared but never referenced
   	char enddate[10];
..\EMWIN_DEMO\HZDEMO\ini.c(474): warning:  #177-D: variable "print_buf"  was declared but never referenced
  	char	print_buf[30];
..\EMWIN_DEMO\HZDEMO\ini.c: 11 warnings, 0 errors
linking...
Program Size: Code=206356 RO-data=78404 RW-data=2812 ZI-data=24485468  
FromELF: creating hex file...
"..\OBJ\Tempate.axf" - 0 Error(s), 11 Warning(s).

<h2>Software Packages used:</h2>

Package Vendor: Keil
                http://www.keil.com/pack/Keil.STM32F4xx_DFP.2.13.0.pack
                Keil.STM32F4xx_DFP.2.13.0
                STMicroelectronics STM32F4 Series Device Support, Drivers and Examples

<h2>Collection of Component include folders:</h2>
  .\RTE\_STemWin_RGBLCD
  C:\Users\Administrator\AppData\Local\Arm\Packs\Keil\STM32F4xx_DFP\2.13.0\Drivers\CMSIS\Device\ST\STM32F4xx\Include

<h2>Collection of Component Files used:</h2>
Build Time Elapsed:  00:00:05
</pre>
</body>
</html>
