Component: ARM Compiler 5.06 update 6 (build 750) Tool: armlink [4d35ed]

==============================================================================

Section Cross References

    main.o(i.float_task) refers to _printf_percent.o(.ARM.Collect$$_printf_percent$$00000000) for _printf_percent
    main.o(i.float_task) refers to _printf_f.o(.ARM.Collect$$_printf_percent$$00000003) for _printf_f
    main.o(i.float_task) refers to printf1.o(x$fpl$printf1) for _printf_fp_dec
    main.o(i.float_task) refers to cpu_a.o(.text) for CPU_SR_Save
    main.o(i.float_task) refers to cpu_core.o(i.CPU_IntDisMeasStart) for CPU_IntDisMeasStart
    main.o(i.float_task) refers to f2d.o(x$fpl$f2d) for __aeabi_f2d
    main.o(i.float_task) refers to noretval__2printf.o(.text) for __2printf
    main.o(i.float_task) refers to cpu_core.o(i.CPU_IntDisMeasStop) for CPU_IntDisMeasStop
    main.o(i.float_task) refers to delay.o(i.delay_ms) for delay_ms
    main.o(i.float_task) refers to main.o(.data) for .data
    main.o(i.led0_task) refers to os_time.o(i.OSTimeDlyHMSM) for OSTimeDlyHMSM
    main.o(i.led1_task) refers to delay.o(i.delay_ms) for delay_ms
    main.o(i.main) refers to sys.o(i.Stm32_Clock_Init) for Stm32_Clock_Init
    main.o(i.main) refers to stm32f4xx_hal.o(i.HAL_Init) for HAL_Init
    main.o(i.main) refers to delay.o(i.delay_init) for delay_init
    main.o(i.main) refers to usart.o(i.uart_init) for uart_init
    main.o(i.main) refers to led.o(i.LED_Init) for LED_Init
    main.o(i.main) refers to os_core.o(i.OSInit) for OSInit
    main.o(i.main) refers to cpu_a.o(.text) for CPU_SR_Save
    main.o(i.main) refers to cpu_core.o(i.CPU_IntDisMeasStart) for CPU_IntDisMeasStart
    main.o(i.main) refers to os_task.o(i.OSTaskCreate) for OSTaskCreate
    main.o(i.main) refers to cpu_core.o(i.CPU_IntDisMeasStop) for CPU_IntDisMeasStop
    main.o(i.main) refers to os_core.o(i.OSStart) for OSStart
    main.o(i.main) refers to main.o(.bss) for .bss
    main.o(i.main) refers to main.o(i.start_task) for start_task
    main.o(i.start_task) refers to cpu_core.o(i.CPU_Init) for CPU_Init
    main.o(i.start_task) refers to os_stat.o(i.OSStatTaskCPUUsageInit) for OSStatTaskCPUUsageInit
    main.o(i.start_task) refers to cpu_core.o(i.CPU_IntDisMeasMaxCurReset) for CPU_IntDisMeasMaxCurReset
    main.o(i.start_task) refers to cpu_a.o(.text) for CPU_SR_Save
    main.o(i.start_task) refers to cpu_core.o(i.CPU_IntDisMeasStart) for CPU_IntDisMeasStart
    main.o(i.start_task) refers to os_task.o(i.OSTaskCreate) for OSTaskCreate
    main.o(i.start_task) refers to cpu_core.o(i.CPU_IntDisMeasStop) for CPU_IntDisMeasStop
    main.o(i.start_task) refers to os_task.o(i.OS_TaskSuspend) for OS_TaskSuspend
    main.o(i.start_task) refers to main.o(.bss) for .bss
    main.o(i.start_task) refers to main.o(i.led0_task) for led0_task
    main.o(i.start_task) refers to main.o(i.led1_task) for led1_task
    main.o(i.start_task) refers to main.o(i.float_task) for float_task
    system_stm32f4xx.o(i.SystemCoreClockUpdate) refers to system_stm32f4xx.o(.data) for .data
    startup_stm32f429xx.o(STACK) refers (Special) to heapauxi.o(.text) for __use_two_region_memory
    startup_stm32f429xx.o(HEAP) refers (Special) to heapauxi.o(.text) for __use_two_region_memory
    startup_stm32f429xx.o(RESET) refers (Special) to heapauxi.o(.text) for __use_two_region_memory
    startup_stm32f429xx.o(RESET) refers to startup_stm32f429xx.o(STACK) for __initial_sp
    startup_stm32f429xx.o(RESET) refers to startup_stm32f429xx.o(.text) for Reset_Handler
    startup_stm32f429xx.o(RESET) refers to stm32f4xx_it.o(i.NMI_Handler) for NMI_Handler
    startup_stm32f429xx.o(RESET) refers to stm32f4xx_it.o(i.HardFault_Handler) for HardFault_Handler
    startup_stm32f429xx.o(RESET) refers to stm32f4xx_it.o(i.MemManage_Handler) for MemManage_Handler
    startup_stm32f429xx.o(RESET) refers to stm32f4xx_it.o(i.BusFault_Handler) for BusFault_Handler
    startup_stm32f429xx.o(RESET) refers to stm32f4xx_it.o(i.UsageFault_Handler) for UsageFault_Handler
    startup_stm32f429xx.o(RESET) refers to stm32f4xx_it.o(i.SVC_Handler) for SVC_Handler
    startup_stm32f429xx.o(RESET) refers to stm32f4xx_it.o(i.DebugMon_Handler) for DebugMon_Handler
    startup_stm32f429xx.o(RESET) refers to os_cpu_a.o(CODE) for PendSV_Handler
    startup_stm32f429xx.o(RESET) refers to delay.o(i.SysTick_Handler) for SysTick_Handler
    startup_stm32f429xx.o(RESET) refers to usart.o(i.USART1_IRQHandler) for USART1_IRQHandler
    startup_stm32f429xx.o(.text) refers (Special) to heapauxi.o(.text) for __use_two_region_memory
    startup_stm32f429xx.o(.text) refers to system_stm32f4xx.o(i.SystemInit) for SystemInit
    startup_stm32f429xx.o(.text) refers to __main.o(!!!main) for __main
    startup_stm32f429xx.o(.text) refers to startup_stm32f429xx.o(HEAP) for Heap_Mem
    startup_stm32f429xx.o(.text) refers to startup_stm32f429xx.o(STACK) for Stack_Mem
[...]
    __rt_lib_init_heap_1                     0x08000231   Thumb Code     0  libinit2.o(.ARM.Collect$$libinit$$0000000A)
    __rt_lib_init_lc_common                  0x08000231   Thumb Code     0  libinit2.o(.ARM.Collect$$libinit$$0000000F)
    __rt_lib_init_preinit_1                  0x08000231   Thumb Code     0  libinit2.o(.ARM.Collect$$libinit$$00000004)
    __rt_lib_init_rand_1                     0x08000231   Thumb Code     0  libinit2.o(.ARM.Collect$$libinit$$0000000E)
    __rt_lib_init_user_alloc_1               0x08000231   Thumb Code     0  libinit2.o(.ARM.Collect$$libinit$$0000000C)
    __rt_lib_init_lc_collate_1               0x08000237   Thumb Code     0  libinit2.o(.ARM.Collect$$libinit$$00000011)
    __rt_lib_init_lc_ctype_1                 0x08000237   Thumb Code     0  libinit2.o(.ARM.Collect$$libinit$$00000013)
    __rt_lib_init_lc_monetary_1              0x08000237   Thumb Code     0  libinit2.o(.ARM.Collect$$libinit$$00000015)
    __rt_lib_init_lc_numeric_2               0x08000237   Thumb Code     0  libinit2.o(.ARM.Collect$$libinit$$00000016)
    __rt_lib_init_alloca_1                   0x08000241   Thumb Code     0  libinit2.o(.ARM.Collect$$libinit$$0000002E)
    __rt_lib_init_argv_1                     0x08000241   Thumb Code     0  libinit2.o(.ARM.Collect$$libinit$$0000002C)
    __rt_lib_init_atexit_1                   0x08000241   Thumb Code     0  libinit2.o(.ARM.Collect$$libinit$$0000001B)
    __rt_lib_init_clock_1                    0x08000241   Thumb Code     0  libinit2.o(.ARM.Collect$$libinit$$00000021)
    __rt_lib_init_cpp_1                      0x08000241   Thumb Code     0  libinit2.o(.ARM.Collect$$libinit$$00000032)
    __rt_lib_init_exceptions_1               0x08000241   Thumb Code     0  libinit2.o(.ARM.Collect$$libinit$$00000030)
    __rt_lib_init_fp_trap_1                  0x08000241   Thumb Code     0  libinit2.o(.ARM.Collect$$libinit$$0000001F)
    __rt_lib_init_getenv_1                   0x08000241   Thumb Code     0  libinit2.o(.ARM.Collect$$libinit$$00000023)
    __rt_lib_init_lc_numeric_1               0x08000241   Thumb Code     0  libinit2.o(.ARM.Collect$$libinit$$00000017)
    __rt_lib_init_lc_time_1                  0x08000241   Thumb Code     0  libinit2.o(.ARM.Collect$$libinit$$00000019)
    __rt_lib_init_return                     0x08000241   Thumb Code     0  libinit2.o(.ARM.Collect$$libinit$$00000033)
    __rt_lib_init_signal_1                   0x08000241   Thumb Code     0  libinit2.o(.ARM.Collect$$libinit$$0000001D)
    __rt_lib_init_stdio_1                    0x08000241   Thumb Code     0  libinit2.o(.ARM.Collect$$libinit$$00000025)
    __rt_lib_shutdown                        0x08000243   Thumb Code     0  libshutdown.o(.ARM.Collect$$libshutdown$$00000000)
    __rt_lib_shutdown_cpp_1                  0x08000245   Thumb Code     0  libshutdown2.o(.ARM.Collect$$libshutdown$$00000002)
    __rt_lib_shutdown_fp_trap_1              0x08000245   Thumb Code     0  libshutdown2.o(.ARM.Collect$$libshutdown$$00000007)
    __rt_lib_shutdown_heap_1                 0x08000245   Thumb Code     0  libshutdown2.o(.ARM.Collect$$libshutdown$$0000000F)
    __rt_lib_shutdown_return                 0x08000245   Thumb Code     0  libshutdown2.o(.ARM.Collect$$libshutdown$$00000010)
    __rt_lib_shutdown_signal_1               0x08000245   Thumb Code     0  libshutdown2.o(.ARM.Collect$$libshutdown$$0000000A)
    __rt_lib_shutdown_stdio_1                0x08000245   Thumb Code     0  libshutdown2.o(.ARM.Collect$$libshutdown$$00000004)
    __rt_lib_shutdown_user_alloc_1           0x08000245   Thumb Code     0  libshutdown2.o(.ARM.Collect$$libshutdown$$0000000C)
    __rt_entry                               0x08000247   Thumb Code     0  __rtentry.o(.ARM.Collect$$rtentry$$00000000)
    __rt_entry_presh_1                       0x08000247   Thumb Code     0  __rtentry2.o(.ARM.Collect$$rtentry$$00000002)
    __rt_entry_sh                            0x08000247   Thumb Code     0  __rtentry4.o(.ARM.Collect$$rtentry$$00000004)
    __rt_entry_li                            0x0800024d   Thumb Code     0  __rtentry2.o(.ARM.Collect$$rtentry$$0000000A)
    __rt_entry_postsh_1                      0x0800024d   Thumb Code     0  __rtentry2.o(.ARM.Collect$$rtentry$$00000009)
    __rt_entry_main                          0x08000251   Thumb Code     0  __rtentry2.o(.ARM.Collect$$rtentry$$0000000D)
    __rt_entry_postli_1                      0x08000251   Thumb Code     0  __rtentry2.o(.ARM.Collect$$rtentry$$0000000C)
    __rt_exit                                0x08000259   Thumb Code     0  rtexit.o(.ARM.Collect$$rtexit$$00000000)
    __rt_exit_ls                             0x0800025b   Thumb Code     0  rtexit2.o(.ARM.Collect$$rtexit$$00000003)
    __rt_exit_prels_1                        0x0800025b   Thumb Code     0  rtexit2.o(.ARM.Collect$$rtexit$$00000002)
    __rt_exit_exit                           0x0800025f   Thumb Code     0  rtexit2.o(.ARM.Collect$$rtexit$$00000004)
    Reset_Handler                            0x08000265   Thumb Code    40  startup_stm32f429xx.o(.text)
    ADC_IRQHandler                           0x0800029f   Thumb Code     0  startup_stm32f429xx.o(.text)
    CAN1_RX0_IRQHandler                      0x0800029f   Thumb Code     0  startup_stm32f429xx.o(.text)
    CAN1_RX1_IRQHandler                      0x0800029f   Thumb Code     0  startup_stm32f429xx.o(.text)
    CAN1_SCE_IRQHandler                      0x0800029f   Thumb Code     0  startup_stm32f429xx.o(.text)
    CAN1_TX_IRQHandler                       0x0800029f   Thumb Code     0  startup_stm32f429xx.o(.text)
    CAN2_RX0_IRQHandler                      0x0800029f   Thumb Code     0  startup_stm32f429xx.o(.text)
    CAN2_RX1_IRQHandler                      0x0800029f   Thumb Code     0  startup_stm32f429xx.o(.text)
    CAN2_SCE_IRQHandler                      0x0800029f   Thumb Code     0  startup_stm32f429xx.o(.text)
    CAN2_TX_IRQHandler                       0x0800029f   Thumb Code     0  startup_stm32f429xx.o(.text)
    DCMI_IRQHandler                          0x0800029f   Thumb Code     0  startup_stm32f429xx.o(.text)
    DMA1_Stream0_IRQHandler                  0x0800029f   Thumb Code     0  startup_stm32f429xx.o(.text)
    DMA1_Stream1_IRQHandler                  0x0800029f   Thumb Code     0  startup_stm32f429xx.o(.text)
    DMA1_Stream2_IRQHandler                  0x0800029f   Thumb Code     0  startup_stm32f429xx.o(.text)
    DMA1_Stream3_IRQHandler                  0x0800029f   Thumb Code     0  startup_stm32f429xx.o(.text)
    DMA1_Stream4_IRQHandler                  0x0800029f   Thumb Code     0  startup_stm32f429xx.o(.text)
    DMA1_Stream5_IRQHandler                  0x0800029f   Thumb Code     0  startup_stm32f429xx.o(.text)
    DMA1_Stream6_IRQHandler                  0x0800029f   Thumb Code     0  startup_stm32f429xx.o(.text)
    DMA1_Stream7_IRQHandler                  0x0800029f   Thumb Code     0  startup_stm32f429xx.o(.text)
    DMA2D_IRQHandler                         0x0800029f   Thumb Code     0  startup_stm32f429xx.o(.text)
    DMA2_Stream0_IRQHandler                  0x0800029f   Thumb Code     0  startup_stm32f429xx.o(.text)
    DMA2_Stream1_IRQHandler                  0x0800029f   Thumb Code     0  startup_stm32f429xx.o(.text)
    DMA2_Stream2_IRQHandler                  0x0800029f   Thumb Code     0  startup_stm32f429xx.o(.text)
    DMA2_Stream3_IRQHandler                  0x0800029f   Thumb Code     0  startup_stm32f429xx.o(.text)
    DMA2_Stream4_IRQHandler                  0x0800029f   Thumb Code     0  startup_stm32f429xx.o(.text)
    DMA2_Stream5_IRQHandler                  0x0800029f   Thumb Code     0  startup_stm32f429xx.o(.text)
    DMA2_Stream6_IRQHandler                  0x0800029f   Thumb Code     0  startup_stm32f429xx.o(.text)
    DMA2_Stream7_IRQHandler                  0x0800029f   Thumb Code     0  startup_stm32f429xx.o(.text)
    ETH_IRQHandler                           0x0800029f   Thumb Code     0  startup_stm32f429xx.o(.text)
    ETH_WKUP_IRQHandler                      0x0800029f   Thumb Code     0  startup_stm32f429xx.o(.text)
    EXTI0_IRQHandler                         0x0800029f   Thumb Code     0  startup_stm32f429xx.o(.text)
    EXTI15_10_IRQHandler                     0x0800029f   Thumb Code     0  startup_stm32f429xx.o(.text)
    EXTI1_IRQHandler                         0x0800029f   Thumb Code     0  startup_stm32f429xx.o(.text)
    EXTI2_IRQHandler                         0x0800029f   Thumb Code     0  startup_stm32f429xx.o(.text)
    EXTI3_IRQHandler                         0x0800029f   Thumb Code     0  startup_stm32f429xx.o(.text)
    EXTI4_IRQHandler                         0x0800029f   Thumb Code     0  startup_stm32f429xx.o(.text)
    EXTI9_5_IRQHandler                       0x0800029f   Thumb Code     0  startup_stm32f429xx.o(.text)
    FLASH_IRQHandler                         0x0800029f   Thumb Code     0  startup_stm32f429xx.o(.text)
    FMC_IRQHandler                           0x0800029f   Thumb Code     0  startup_stm32f429xx.o(.text)
    FPU_IRQHandler                           0x0800029f   Thumb Code     0  startup_stm32f429xx.o(.text)
    HASH_RNG_IRQHandler                      0x0800029f   Thumb Code     0  startup_stm32f429xx.o(.text)
    I2C1_ER_IRQHandler                       0x0800029f   Thumb Code     0  startup_stm32f429xx.o(.text)
    I2C1_EV_IRQHandler                       0x0800029f   Thumb Code     0  startup_stm32f429xx.o(.text)
    I2C2_ER_IRQHandler                       0x0800029f   Thumb Code     0  startup_stm32f429xx.o(.text)
    I2C2_EV_IRQHandler                       0x0800029f   Thumb Code     0  startup_stm32f429xx.o(.text)
    I2C3_ER_IRQHandler                       0x0800029f   Thumb Code     0  startup_stm32f429xx.o(.text)
    I2C3_EV_IRQHandler                       0x0800029f   Thumb Code     0  startup_stm32f429xx.o(.text)
    LTDC_ER_IRQHandler                       0x0800029f   Thumb Code     0  startup_stm32f429xx.o(.text)
    LTDC_IRQHandler                          0x0800029f   Thumb Code     0  startup_stm32f429xx.o(.text)
    OTG_FS_IRQHandler                        0x0800029f   Thumb Code     0  startup_stm32f429xx.o(.text)
    OTG_FS_WKUP_IRQHandler                   0x0800029f   Thumb Code     0  startup_stm32f429xx.o(.text)
    OTG_HS_EP1_IN_IRQHandler                 0x0800029f   Thumb Code     0  startup_stm32f429xx.o(.text)
    OTG_HS_EP1_OUT_IRQHandler                0x0800029f   Thumb Code     0  startup_stm32f429xx.o(.text)
    OTG_HS_IRQHandler                        0x0800029f   Thumb Code     0  startup_stm32f429xx.o(.text)
    OTG_HS_WKUP_IRQHandler                   0x0800029f   Thumb Code     0  startup_stm32f429xx.o(.text)
    PVD_IRQHandler                           0x0800029f   Thumb Code     0  startup_stm32f429xx.o(.text)
    RCC_IRQHandler                           0x0800029f   Thumb Code     0  startup_stm32f429xx.o(.text)
    RTC_Alarm_IRQHandler                     0x0800029f   Thumb Code     0  startup_stm32f429xx.o(.text)
    RTC_WKUP_IRQHandler                      0x0800029f   Thumb Code     0  startup_stm32f429xx.o(.text)
    SAI1_IRQHandler                          0x0800029f   Thumb Code     0  startup_stm32f429xx.o(.text)
    SDIO_IRQHandler                          0x0800029f   Thumb Code     0  startup_stm32f429xx.o(.text)
    SPI1_IRQHandler                          0x0800029f   Thumb Code     0  startup_stm32f429xx.o(.text)
    SPI2_IRQHandler                          0x0800029f   Thumb Code     0  startup_stm32f429xx.o(.text)
    SPI3_IRQHandler                          0x0800029f   Thumb Code     0  startup_stm32f429xx.o(.text)
    SPI4_IRQHandler                          0x0800029f   Thumb Code     0  startup_stm32f429xx.o(.text)
    SPI5_IRQHandler                          0x0800029f   Thumb Code     0  startup_stm32f429xx.o(.text)
    SPI6_IRQHandler                          0x0800029f   Thumb Code     0  startup_stm32f429xx.o(.text)
    TAMP_STAMP_IRQHandler                    0x0800029f   Thumb Code     0  startup_stm32f429xx.o(.text)
    TIM1_BRK_TIM9_IRQHandler                 0x0800029f   Thumb Code     0  startup_stm32f429xx.o(.text)
    TIM1_CC_IRQHandler                       0x0800029f   Thumb Code     0  startup_stm32f429xx.o(.text)
    TIM1_TRG_COM_TIM11_IRQHandler            0x0800029f   Thumb Code     0  startup_stm32f429xx.o(.text)
    TIM1_UP_TIM10_IRQHandler                 0x0800029f   Thumb Code     0  startup_stm32f429xx.o(.text)
    TIM2_IRQHandler                          0x0800029f   Thumb Code     0  startup_stm32f429xx.o(.text)
    TIM3_IRQHandler                          0x0800029f   Thumb Code     0  startup_stm32f429xx.o(.text)
    TIM4_IRQHandler                          0x0800029f   Thumb Code     0  startup_stm32f429xx.o(.text)
    TIM5_IRQHandler                          0x0800029f   Thumb Code     0  startup_stm32f429xx.o(.text)
    TIM6_DAC_IRQHandler                      0x0800029f   Thumb Code     0  startup_stm32f429xx.o(.text)
    TIM7_IRQHandler                          0x0800029f   Thumb Code     0  startup_stm32f429xx.o(.text)
    TIM8_BRK_TIM12_IRQHandler                0x0800029f   Thumb Code     0  startup_stm32f429xx.o(.text)
    TIM8_CC_IRQHandler                       0x0800029f   Thumb Code     0  startup_stm32f429xx.o(.text)
    TIM8_TRG_COM_TIM14_IRQHandler            0x0800029f   Thumb Code     0  startup_stm32f429xx.o(.text)
    TIM8_UP_TIM13_IRQHandler                 0x0800029f   Thumb Code     0  startup_stm32f429xx.o(.text)
    UART4_IRQHandler                         0x0800029f   Thumb Code     0  startup_stm32f429xx.o(.text)
    UART5_IRQHandler                         0x0800029f   Thumb Code     0  startup_stm32f429xx.o(.text)
    UART7_IRQHandler                         0x0800029f   Thumb Code     0  startup_stm32f429xx.o(.text)
    UART8_IRQHandler                         0x0800029f   Thumb Code     0  startup_stm32f429xx.o(.text)
    USART2_IRQHandler                        0x0800029f   Thumb Code     0  startup_stm32f429xx.o(.text)
    USART3_IRQHandler                        0x0800029f   Thumb Code     0  startup_stm32f429xx.o(.text)
    USART6_IRQHandler                        0x0800029f   Thumb Code     0  startup_stm32f429xx.o(.text)
    WWDG_IRQHandler                          0x0800029f   Thumb Code     0  startup_stm32f429xx.o(.text)
    __user_initial_stackheap                 0x080002a1   Thumb Code     0  startup_stm32f429xx.o(.text)
    CPU_IntDis                               0x080002cd   Thumb Code     0  cpu_a.o(.text)
    CPU_IntEn                                0x080002d1   Thumb Code     0  cpu_a.o(.text)
    CPU_SR_Save                              0x080002d5   Thumb Code     0  cpu_a.o(.text)
    CPU_SR_Restore                           0x080002dd   Thumb Code     0  cpu_a.o(.text)
    CPU_WaitForInt                           0x080002e3   Thumb Code     0  cpu_a.o(.text)
    CPU_WaitForExcept                        0x080002e7   Thumb Code     0  cpu_a.o(.text)
    CPU_CntLeadZeros                         0x080002eb   Thumb Code     0  cpu_a.o(.text)
    CPU_CntTrailZeros                        0x080002f1   Thumb Code     0  cpu_a.o(.text)
    CPU_RevBits                              0x080002fb   Thumb Code     0  cpu_a.o(.text)
    __use_no_semihosting                     0x08000301   Thumb Code     2  use_no_semi_2.o(.text)
    __2printf                                0x08000305   Thumb Code    20  noretval__2printf.o(.text)
    __printf                                 0x0800031d   Thumb Code   270  __printf_wp.o(.text)
    __use_two_region_memory                  0x0800042b   Thumb Code     2  heapauxi.o(.text)
    __rt_heap_escrow$2region                 0x0800042d   Thumb Code     2  heapauxi.o(.text)
    __rt_heap_expand$2region                 0x0800042f   Thumb Code     2  heapauxi.o(.text)
    __I$use$semihosting                      0x08000431   Thumb Code     0  use_no_semi.o(.text)
    __use_no_semihosting_swi                 0x08000431   Thumb Code     2  use_no_semi.o(.text)
    __lib_sel_fp_printf                      0x08000433   Thumb Code     2  _printf_fp_dec.o(.text)
    _printf_fp_dec_real                      0x080005e5   Thumb Code   620  _printf_fp_dec.o(.text)
    _printf_char_file                        0x08000851   Thumb Code    32  _printf_char_file.o(.text)
    __rt_locale                              0x08000875   Thumb Code     8  rt_locale_intlibspace.o(.text)
    _ll_udiv10                               0x0800087d   Thumb Code   138  lludiv10.o(.text)
    _printf_char_common                      0x08000913   Thumb Code    32  _printf_char_common.o(.text)
    _printf_fp_infnan                        0x08000939   Thumb Code   112  _printf_fp_infnan.o(.text)
    _btod_etento                             0x080009b9   Thumb Code   224  bigflt0.o(.text)
    ferror                                   0x08000a9d   Thumb Code     8  ferror.o(.text)
    __user_libspace                          0x08000aa5   Thumb Code     8  libspace.o(.text)
    __user_perproc_libspace                  0x08000aa5   Thumb Code     0  libspace.o(.text)
    __user_perthread_libspace                0x08000aa5   Thumb Code     0  libspace.o(.text)
    __user_setup_stackheap                   0x08000aad   Thumb Code    74  sys_stackheap_outer.o(.text)
    exit                                     0x08000af7   Thumb Code    18  exit.o(.text)
    strcmp                                   0x08000b09   Thumb Code   128  strcmpv7m.o(.text)
    _btod_d2e                                0x08000b89   Thumb Code    62  btod.o(CL$$btod_d2e)
    _d2e_denorm_low                          0x08000bc7   Thumb Code    70  btod.o(CL$$btod_d2e_denorm_low)
    _d2e_norm_op1                            0x08000c0d   Thumb Code    96  btod.o(CL$$btod_d2e_norm_op1)
    __btod_div_common                        0x08000c6d   Thumb Code   696  btod.o(CL$$btod_div_common)
    _e2e                                     0x08000fa5   Thumb Code   220  btod.o(CL$$btod_e2e)
    _btod_ediv                               0x08001081   Thumb Code    42  btod.o(CL$$btod_ediv)
    _btod_emul                               0x080010ab   Thumb Code    42  btod.o(CL$$btod_emul)
    __btod_mult_common                       0x080010d5   Thumb Code   580  btod.o(CL$$btod_mult_common)
    OS_CPU_FP_Reg_Push                       0x08001319   Thumb Code     0  os_cpu_a.o(CODE)
    OS_CPU_FP_Reg_Pop                        0x08001333   Thumb Code     0  os_cpu_a.o(CODE)
    OSStartHighRdy                           0x08001345   Thumb Code     0  os_cpu_a.o(CODE)
    OSCtxSw                                  0x080013c1   Thumb Code     0  os_cpu_a.o(CODE)
    OSIntCtxSw                               0x080013cb   Thumb Code     0  os_cpu_a.o(CODE)
    PendSV_Handler                           0x080013d5   Thumb Code     0  os_cpu_a.o(CODE)
    BusFault_Handler                         0x08001431   Thumb Code     2  stm32f4xx_it.o(i.BusFault_Handler)
    CPU_Init                                 0x08001435   Thumb Code    24  cpu_core.o(i.CPU_Init)
    CPU_IntDisMeasMaxCurGet                  0x080014b1   Thumb Code    24  cpu_core.o(i.CPU_IntDisMeasMaxCurGet)
    CPU_IntDisMeasMaxCurReset                0x080014cd   Thumb Code    26  cpu_core.o(i.CPU_IntDisMeasMaxCurReset)
    CPU_IntDisMeasMaxGet                     0x080014ed   Thumb Code    24  cpu_core.o(i.CPU_IntDisMeasMaxGet)
    CPU_IntDisMeasStart                      0x08001509   Thumb Code    28  cpu_core.o(i.CPU_IntDisMeasStart)
    CPU_IntDisMeasStop                       0x08001529   Thumb Code    44  cpu_core.o(i.CPU_IntDisMeasStop)
    CPU_NameClr                              0x08001559   Thumb Code    34  cpu_core.o(i.CPU_NameClr)
    CPU_TS_TmrFreqSet                        0x08001581   Thumb Code     6  cpu_core.o(i.CPU_TS_TmrFreqSet)
    CPU_TS_TmrInit                           0x0800158d   Thumb Code    38  bsp.o(i.CPU_TS_TmrInit)
    CPU_TS_TmrRd                             0x080015bd   Thumb Code     6  bsp.o(i.CPU_TS_TmrRd)
    DebugMon_Handler                         0x080015c9   Thumb Code     2  stm32f4xx_it.o(i.DebugMon_Handler)
    HAL_GPIO_Init                            0x080015cd   Thumb Code   422  stm32f4xx_hal_gpio.o(i.HAL_GPIO_Init)
    HAL_GPIO_WritePin                        0x080017a9   Thumb Code    10  stm32f4xx_hal_gpio.o(i.HAL_GPIO_WritePin)
    HAL_GetTick                              0x080017b5   Thumb Code     6  stm32f4xx_hal.o(i.HAL_GetTick)
    HAL_IncTick                              0x080017c1   Thumb Code    10  stm32f4xx_hal.o(i.HAL_IncTick)
    HAL_Init                                 0x080017d1   Thumb Code    48  stm32f4xx_hal.o(i.HAL_Init)
    HAL_InitTick                             0x08001805   Thumb Code    34  stm32f4xx_hal.o(i.HAL_InitTick)
    HAL_MspInit                              0x08001827   Thumb Code     8  stm32f4xx_hal.o(i.HAL_MspInit)
    HAL_NVIC_EnableIRQ                       0x0800182f   Thumb Code    22  stm32f4xx_hal_cortex.o(i.HAL_NVIC_EnableIRQ)
    HAL_NVIC_SetPriority                     0x08001845   Thumb Code    60  stm32f4xx_hal_cortex.o(i.HAL_NVIC_SetPriority)
    HAL_NVIC_SetPriorityGrouping             0x08001885   Thumb Code    26  stm32f4xx_hal_cortex.o(i.HAL_NVIC_SetPriorityGrouping)
    HAL_PWREx_EnableOverDrive                0x080018a9   Thumb Code   122  stm32f4xx_hal_pwr_ex.o(i.HAL_PWREx_EnableOverDrive)
    HAL_RCC_ClockConfig                      0x08001931   Thumb Code   512  stm32f4xx_hal_rcc.o(i.HAL_RCC_ClockConfig)
    HAL_RCC_GetHCLKFreq                      0x08001b39   Thumb Code    38  stm32f4xx_hal_rcc.o(i.HAL_RCC_GetHCLKFreq)
    HAL_RCC_GetPCLK1Freq                     0x08001b6d   Thumb Code    36  stm32f4xx_hal_rcc.o(i.HAL_RCC_GetPCLK1Freq)
    HAL_RCC_GetPCLK2Freq                     0x08001b99   Thumb Code    36  stm32f4xx_hal_rcc.o(i.HAL_RCC_GetPCLK2Freq)
    HAL_RCC_GetSysClockFreq                  0x08001bc5   Thumb Code   104  stm32f4xx_hal_rcc.o(i.HAL_RCC_GetSysClockFreq)
    HAL_RCC_OscConfig                        0x08001c39   Thumb Code   774  stm32f4xx_hal_rcc.o(i.HAL_RCC_OscConfig)
    HAL_SYSTICK_CLKSourceConfig              0x08001f55   Thumb Code    24  stm32f4xx_hal_cortex.o(i.HAL_SYSTICK_CLKSourceConfig)
    HAL_SYSTICK_Config                       0x08001f6d   Thumb Code    40  stm32f4xx_hal_cortex.o(i.HAL_SYSTICK_Config)
    HAL_UART_ErrorCallback                   0x08001f95   Thumb Code     2  stm32f4xx_hal_uart.o(i.HAL_UART_ErrorCallback)
    HAL_UART_IRQHandler                      0x08001f97   Thumb Code   244  stm32f4xx_hal_uart.o(i.HAL_UART_IRQHandler)
    HAL_UART_Init                            0x0800208b   Thumb Code    94  stm32f4xx_hal_uart.o(i.HAL_UART_Init)
    HAL_UART_MspInit                         0x080020e9   Thumb Code   112  usart.o(i.HAL_UART_MspInit)
    HAL_UART_Receive                         0x08002165   Thumb Code   202  stm32f4xx_hal_uart.o(i.HAL_UART_Receive)
    HAL_UART_Receive_IT                      0x0800222f   Thumb Code   104  stm32f4xx_hal_uart.o(i.HAL_UART_Receive_IT)
    HAL_UART_RxCpltCallback                  0x08002297   Thumb Code     2  stm32f4xx_hal_uart.o(i.HAL_UART_RxCpltCallback)
    HAL_UART_TxCpltCallback                  0x08002299   Thumb Code     2  stm32f4xx_hal_uart.o(i.HAL_UART_TxCpltCallback)
    HardFault_Handler                        0x0800229b   Thumb Code     2  stm32f4xx_it.o(i.HardFault_Handler)
    LED_Init                                 0x0800229d   Thumb Code    68  led.o(i.LED_Init)
    MemManage_Handler                        0x080022e9   Thumb Code     2  stm32f4xx_it.o(i.MemManage_Handler)
    Mem_Clr                                  0x080022eb   Thumb Code     8  lib_mem.o(i.Mem_Clr)
    Mem_Set                                  0x080022f3   Thumb Code    62  lib_mem.o(i.Mem_Set)
    NMI_Handler                              0x08002331   Thumb Code     2  stm32f4xx_it.o(i.NMI_Handler)
    OSCfg_Init                               0x08002353   Thumb Code     2  os_cfg_app.o(i.OSCfg_Init)
    OSIdleTaskHook                           0x08002355   Thumb Code    12  os_cpu_c.o(i.OSIdleTaskHook)
    OSInit                                   0x08002365   Thumb Code   248  os_core.o(i.OSInit)
    OSInitHook                               0x080024a5   Thumb Code    22  os_cpu_c.o(i.OSInitHook)
    OSIntEnter                               0x080024c9   Thumb Code    22  os_core.o(i.OSIntEnter)
    OSIntExit                                0x080024e9   Thumb Code   100  os_core.o(i.OSIntExit)
    OSMutexCreate                            0x0800256d   Thumb Code    76  os_mutex.o(i.OSMutexCreate)
    OSMutexPend                              0x080025c1   Thumb Code   336  os_mutex.o(i.OSMutexPend)
    OSMutexPost                              0x0800271d   Thumb Code   294  os_mutex.o(i.OSMutexPost)
    OSSched                                  0x08002851   Thumb Code    96  os_core.o(i.OSSched)
    OSSchedLock                              0x080028cd   Thumb Code    64  os_core.o(i.OSSchedLock)
    OSSchedUnlock                            0x08002915   Thumb Code    88  os_core.o(i.OSSchedUnlock)
    OSStart                                  0x08002975   Thumb Code    62  os_core.o(i.OSStart)
    OSStatReset                              0x080029cd   Thumb Code   178  os_stat.o(i.OSStatReset)
    OSStatTaskCPUUsageInit                   0x08002aa1   Thumb Code   150  os_stat.o(i.OSStatTaskCPUUsageInit)
    OSStatTaskHook                           0x08002b55   Thumb Code    12  os_cpu_c.o(i.OSStatTaskHook)
    OSTaskCreate                             0x08002b65   Thumb Code   262  os_task.o(i.OSTaskCreate)
    OSTaskCreateHook                         0x08002c79   Thumb Code    12  os_cpu_c.o(i.OSTaskCreateHook)
    OSTaskDel                                0x08002c89   Thumb Code   302  os_task.o(i.OSTaskDel)
    OSTaskDelHook                            0x08002dc5   Thumb Code    12  os_cpu_c.o(i.OSTaskDelHook)
    OSTaskResume                             0x08002dd5   Thumb Code    38  os_task.o(i.OSTaskResume)
    OSTaskReturnHook                         0x08002dfd   Thumb Code    12  os_cpu_c.o(i.OSTaskReturnHook)
    OSTaskSemPend                            0x08002e0d   Thumb Code   276  os_task.o(i.OSTaskSemPend)
    OSTaskSemPost                            0x08002f29   Thumb Code    28  os_task.o(i.OSTaskSemPost)
    OSTaskStkChk                             0x08002f45   Thumb Code   136  os_task.o(i.OSTaskStkChk)
    OSTaskStkInit                            0x08002fd1   Thumb Code   312  os_cpu_c.o(i.OSTaskStkInit)
    OSTaskSuspend                            0x08003175   Thumb Code    18  os_task.o(i.OSTaskSuspend)
    OSTaskSwHook                             0x0800318d   Thumb Code    98  os_cpu_c.o(i.OSTaskSwHook)
    OSTimeDly                                0x080031fd   Thumb Code   122  os_time.o(i.OSTimeDly)
    OSTimeDlyHMSM                            0x08003281   Thumb Code   184  os_time.o(i.OSTimeDlyHMSM)
    OSTimeTick                               0x08003345   Thumb Code    44  os_time.o(i.OSTimeTick)
    OSTimeTickHook                           0x08003381   Thumb Code    12  os_cpu_c.o(i.OSTimeTickHook)
    OS_Dbg_Init                              0x08003391   Thumb Code     2  os_dbg.o(i.OS_Dbg_Init)
    OS_FlagInit                              0x08003395   Thumb Code    14  os_flag.o(i.OS_FlagInit)
    OS_IdleTask                              0x080033ad   Thumb Code    42  os_core.o(i.OS_IdleTask)
    OS_IdleTaskInit                          0x080033e1   Thumb Code    60  os_core.o(i.OS_IdleTaskInit)
    OS_MemInit                               0x08003449   Thumb Code    14  os_mem.o(i.OS_MemInit)
    OS_MsgPoolInit                           0x08003461   Thumb Code    72  os_msg.o(i.OS_MsgPoolInit)
    OS_MsgQFreeAll                           0x080034b5   Thumb Code    48  os_msg.o(i.OS_MsgQFreeAll)
    OS_MsgQInit                              0x080034e9   Thumb Code    14  os_msg.o(i.OS_MsgQInit)
    OS_MutexDbgListAdd                       0x080034f9   Thumb Code    26  os_mutex.o(i.OS_MutexDbgListAdd)
    OS_MutexGrpPostAll                       0x0800351d   Thumb Code    82  os_mutex.o(i.OS_MutexGrpPostAll)
    OS_MutexGrpPrioFindHighest               0x0800356f   Thumb Code    34  os_mutex.o(i.OS_MutexGrpPrioFindHighest)
    OS_MutexGrpRemove                        0x08003591   Thumb Code    20  os_mutex.o(i.OS_MutexGrpRemove)
    OS_MutexInit                             0x080035a5   Thumb Code    14  os_mutex.o(i.OS_MutexInit)
    OS_Pend                                  0x080035bd   Thumb Code    76  os_core.o(i.OS_Pend)
    OS_PendDataInit                          0x0800360d   Thumb Code    50  os_core.o(i.OS_PendDataInit)
    OS_PendDbgNameAdd                        0x08003641   Thumb Code    46  os_core.o(i.OS_PendDbgNameAdd)
    OS_PendDbgNameRemove                     0x08003689   Thumb Code    22  os_core.o(i.OS_PendDbgNameRemove)
    OS_PendListChangePrio                    0x080036a5   Thumb Code    48  os_core.o(i.OS_PendListChangePrio)
    OS_PendListInit                          0x080036d5   Thumb Code    10  os_core.o(i.OS_PendListInit)
    OS_PendListInsertPrio                    0x080036df   Thumb Code    90  os_core.o(i.OS_PendListInsertPrio)
    OS_PendListRemove                        0x08003739   Thumb Code    42  os_core.o(i.OS_PendListRemove)
    OS_PendListRemove1                       0x08003763   Thumb Code    54  os_core.o(i.OS_PendListRemove1)
    OS_Post                                  0x08003799   Thumb Code   178  os_core.o(i.OS_Post)
    OS_Post1                                 0x0800384b   Thumb Code    40  os_core.o(i.OS_Post1)
    OS_PrioGetHighest                        0x08003875   Thumb Code    32  os_prio.o(i.OS_PrioGetHighest)
    OS_PrioInit                              0x08003899   Thumb Code    18  os_prio.o(i.OS_PrioInit)
    OS_PrioInsert                            0x080038b1   Thumb Code    28  os_prio.o(i.OS_PrioInsert)
    OS_PrioRemove                            0x080038d1   Thumb Code    28  os_prio.o(i.OS_PrioRemove)
    OS_QInit                                 0x080038f1   Thumb Code    14  os_q.o(i.OS_QInit)
    OS_RdyListInit                           0x08003909   Thumb Code    30  os_core.o(i.OS_RdyListInit)
    OS_RdyListInsert                         0x0800392d   Thumb Code    42  os_core.o(i.OS_RdyListInsert)
    OS_RdyListInsertHead                     0x0800395d   Thumb Code    52  os_core.o(i.OS_RdyListInsertHead)
    OS_RdyListInsertTail                     0x08003995   Thumb Code    48  os_core.o(i.OS_RdyListInsertTail)
    OS_RdyListRemove                         0x080039c9   Thumb Code    78  os_core.o(i.OS_RdyListRemove)
    OS_SemInit                               0x08003a1d   Thumb Code    14  os_sem.o(i.OS_SemInit)
    OS_StatTask                              0x08003a35   Thumb Code   518  os_stat.o(i.OS_StatTask)
    OS_StatTaskInit                          0x08003c7d   Thumb Code   118  os_stat.o(i.OS_StatTaskInit)
    OS_TaskBlock                             0x08003d39   Thumb Code    36  os_core.o(i.OS_TaskBlock)
    OS_TaskChangePrio                        0x08003d61   Thumb Code   176  os_task.o(i.OS_TaskChangePrio)
    OS_TaskDbgListAdd                        0x08003e15   Thumb Code    30  os_task.o(i.OS_TaskDbgListAdd)
    OS_TaskDbgListRemove                     0x08003e39   Thumb Code    50  os_task.o(i.OS_TaskDbgListRemove)
    OS_TaskInit                              0x08003e71   Thumb Code    18  os_task.o(i.OS_TaskInit)
    OS_TaskInitTCB                           0x08003e91   Thumb Code   182  os_task.o(i.OS_TaskInitTCB)
    OS_TaskResume                            0x08003f55   Thumb Code   184  os_task.o(i.OS_TaskResume)
    OS_TaskReturn                            0x0800400d   Thumb Code    20  os_task.o(i.OS_TaskReturn)
    OS_TaskSemPost                           0x08004025   Thumb Code   166  os_task.o(i.OS_TaskSemPost)
    OS_TaskSuspend                           0x080040d1   Thumb Code   160  os_task.o(i.OS_TaskSuspend)
    OS_TickListInsert                        0x08004179   Thumb Code    94  os_tick.o(i.OS_TickListInsert)
    OS_TickListInsertDly                     0x080041d9   Thumb Code   110  os_tick.o(i.OS_TickListInsertDly)
    OS_TickListRemove                        0x08004255   Thumb Code    64  os_tick.o(i.OS_TickListRemove)
    OS_TickTask                              0x08004405   Thumb Code    74  os_tick.o(i.OS_TickTask)
    OS_TickTaskInit                          0x08004459   Thumb Code   118  os_tick.o(i.OS_TickTaskInit)
    OS_TmrInit                               0x0800450d   Thumb Code   166  os_tmr.o(i.OS_TmrInit)
    OS_TmrTask                               0x08004639   Thumb Code   138  os_tmr.o(i.OS_TmrTask)
    OS_TmrUnlink                             0x080046d1   Thumb Code    50  os_tmr.o(i.OS_TmrUnlink)
    SVC_Handler                              0x08004721   Thumb Code     2  stm32f4xx_it.o(i.SVC_Handler)
    Stm32_Clock_Init                         0x08004725   Thumb Code   122  sys.o(i.Stm32_Clock_Init)
    SysTick_Handler                          0x080047a9   Thumb Code    32  delay.o(i.SysTick_Handler)
    SystemInit                               0x080047cd   Thumb Code    66  system_stm32f4xx.o(i.SystemInit)
    USART1_IRQHandler                        0x08004b35   Thumb Code   108  usart.o(i.USART1_IRQHandler)
    UsageFault_Handler                       0x08004ba9   Thumb Code     2  stm32f4xx_it.o(i.UsageFault_Handler)
    __ARM_fpclassify                         0x08004bab   Thumb Code    48  fpclassify.o(i.__ARM_fpclassify)
    _is_digit                                0x08004bdb   Thumb Code    14  __printf_wp.o(i._is_digit)
    _sys_exit                                0x08004be9   Thumb Code     2  usart.o(i._sys_exit)
    delay_init                               0x08004bed   Thumb Code    62  delay.o(i.delay_init)
    delay_ms                                 0x08004c39   Thumb Code    56  delay.o(i.delay_ms)
    delay_ostimedly                          0x08004c7d   Thumb Code    12  delay.o(i.delay_ostimedly)
    delay_us                                 0x08004c89   Thumb Code    62  delay.o(i.delay_us)
    float_task                               0x08004ccd   Thumb Code    74  main.o(i.float_task)
    fputc                                    0x08004d39   Thumb Code    14  usart.o(i.fputc)
    led0_task                                0x08004d4d   Thumb Code    56  main.o(i.led0_task)
    led1_task                                0x08004d89   Thumb Code    30  main.o(i.led1_task)
    main                                     0x08004dad   Thumb Code   120  main.o(i.main)
    start_task                               0x08004e39   Thumb Code   174  main.o(i.start_task)
    uart_init                                0x08004f2d   Thumb Code    44  usart.o(i.uart_init)
    _get_lc_numeric                          0x08004f65   Thumb Code    44  lc_numeric_c.o(locale$$code)
    __fpl_dretinf                            0x08004f91   Thumb Code    12  dretinf.o(x$fpl$dretinf)
    __aeabi_f2d                              0x08004f9d   Thumb Code     0  f2d.o(x$fpl$f2d)
    _f2d                                     0x08004f9d   Thumb Code    86  f2d.o(x$fpl$f2d)
    __fpl_fnaninf                            0x08004ff3   Thumb Code   140  fnaninf.o(x$fpl$fnaninf)
    _fp_init                                 0x0800507f   Thumb Code    10  fpinit.o(x$fpl$fpinit)
    __fplib_config_fpu_vfp                   0x08005087   Thumb Code     0  fpinit.o(x$fpl$fpinit)
    __fplib_config_pureend_doubles           0x08005087   Thumb Code     0  fpinit.o(x$fpl$fpinit)
    _printf_fp_dec                           0x08005089   Thumb Code     4  printf1.o(x$fpl$printf1)
    APBAHBPrescTable                         0x0800508c   Data          16  stm32f4xx_hal_rcc.o(.constdata)
    __I$use$fp                               0x0800508c   Number         0  usenofp.o(x$fpl$usenofp)
    OSCfg_IdleTaskStkBasePtr                 0x0800509c   Data           4  os_cfg_app.o(.constdata)
    OSCfg_IdleTaskStkLimit                   0x080050a0   Data           4  os_cfg_app.o(.constdata)
    OSCfg_IdleTaskStkSize                    0x080050a4   Data           4  os_cfg_app.o(.constdata)
    OSCfg_ISRStkBasePtr                      0x080050a8   Data           4  os_cfg_app.o(.constdata)
    OSCfg_ISRStkSize                         0x080050ac   Data           4  os_cfg_app.o(.constdata)
    OSCfg_MsgPoolSize                        0x080050b0   Data           2  os_cfg_app.o(.constdata)
    OSCfg_MsgPoolBasePtr                     0x080050b4   Data           4  os_cfg_app.o(.constdata)
    OSCfg_StatTaskPrio                       0x080050b8   Data           1  os_cfg_app.o(.constdata)
    OSCfg_StatTaskRate_Hz                    0x080050bc   Data           4  os_cfg_app.o(.constdata)
    OSCfg_StatTaskStkBasePtr                 0x080050c0   Data           4  os_cfg_app.o(.constdata)
    OSCfg_StatTaskStkLimit                   0x080050c4   Data           4  os_cfg_app.o(.constdata)
    OSCfg_StatTaskStkSize                    0x080050c8   Data           4  os_cfg_app.o(.constdata)
    OSCfg_StkSizeMin                         0x080050cc   Data           4  os_cfg_app.o(.constdata)
    OSCfg_TickRate_Hz                        0x080050d0   Data           4  os_cfg_app.o(.constdata)
    OSCfg_TickTaskPrio                       0x080050d4   Data           1  os_cfg_app.o(.constdata)
    OSCfg_TickTaskStkBasePtr                 0x080050d8   Data           4  os_cfg_app.o(.constdata)
    OSCfg_TickTaskStkLimit                   0x080050dc   Data           4  os_cfg_app.o(.constdata)
    OSCfg_TickTaskStkSize                    0x080050e0   Data           4  os_cfg_app.o(.constdata)
    OSCfg_TmrTaskPrio                        0x080050e4   Data           1  os_cfg_app.o(.constdata)
    OSCfg_TmrTaskRate_Hz                     0x080050e8   Data           4  os_cfg_app.o(.constdata)
    OSCfg_TmrTaskStkBasePtr                  0x080050ec   Data           4  os_cfg_app.o(.constdata)
    OSCfg_TmrTaskStkLimit                    0x080050f0   Data           4  os_cfg_app.o(.constdata)
    OSCfg_TmrTaskStkSize                     0x080050f4   Data           4  os_cfg_app.o(.constdata)
    Region$$Table$$Base                      0x0800518c   Number         0  anon$$obj.o(Region$$Table)
    Region$$Table$$Limit                     0x080051ac   Number         0  anon$$obj.o(Region$$Table)
    SystemCoreClock                          0x20000004   Data           4  system_stm32f4xx.o(.data)
    AHBPrescTable                            0x20000008   Data          16  system_stm32f4xx.o(.data)
    aRxBuffer                                0x20000024   Data           1  usart.o(.data)
    USART_RX_STA                             0x20000026   Data           2  usart.o(.data)
    __stdout                                 0x20000028   Data           4  usart.o(.data)
    CPU_IntDisMeasCtr                        0x2000002c   Data           2  cpu_core.o(.data)
    CPU_IntDisNestCtr                        0x2000002e   Data           2  cpu_core.o(.data)
    CPU_TS_TmrFreq_Hz                        0x20000030   Data           4  cpu_core.o(.data)
    CPU_IntDisMeasStart_cnts                 0x20000034   Data           4  cpu_core.o(.data)
    CPU_IntDisMeasStop_cnts                  0x20000038   Data           4  cpu_core.o(.data)
    CPU_IntDisMeasOvrhd_cnts                 0x2000003c   Data           4  cpu_core.o(.data)
    CPU_IntDisMeasMaxCur_cnts                0x20000040   Data           4  cpu_core.o(.data)
    CPU_IntDisMeasMax_cnts                   0x20000044   Data           4  cpu_core.o(.data)
    OSPrioTbl                                0x20000048   Data           8  os_prio.o(.data)
    OS_AppTaskCreateHookPtr                  0x20000050   Data           4  os_var.o(.data)
    OS_AppTaskDelHookPtr                     0x20000054   Data           4  os_var.o(.data)
    OS_AppTaskReturnHookPtr                  0x20000058   Data           4  os_var.o(.data)
    OS_AppIdleTaskHookPtr                    0x2000005c   Data           4  os_var.o(.data)
    OS_AppStatTaskHookPtr                    0x20000060   Data           4  os_var.o(.data)
    OS_AppTaskSwHookPtr                      0x20000064   Data           4  os_var.o(.data)
    OS_AppTimeTickHookPtr                    0x20000068   Data           4  os_var.o(.data)
    OSIdleTaskCtr                            0x2000006c   Data           4  os_var.o(.data)
    OSIntNestingCtr                          0x20000070   Data           1  os_var.o(.data)
    OSIntDisTimeMax                          0x20000074   Data           4  os_var.o(.data)
    OSRunning                                0x20000078   Data           1  os_var.o(.data)
    OSFlagDbgListPtr                         0x2000007c   Data           4  os_var.o(.data)
    OSFlagQty                                0x20000080   Data           2  os_var.o(.data)
    OSMemDbgListPtr                          0x20000084   Data           4  os_var.o(.data)
    OSMemQty                                 0x20000088   Data           2  os_var.o(.data)
    OSMutexDbgListPtr                        0x2000008c   Data           4  os_var.o(.data)
    OSMutexQty                               0x20000090   Data           2  os_var.o(.data)
    OSPrioCur                                0x20000092   Data           1  os_var.o(.data)
    OSPrioHighRdy                            0x20000093   Data           1  os_var.o(.data)
    OSPrioSaved                              0x20000094   Data           1  os_var.o(.data)
    OSQDbgListPtr                            0x20000098   Data           4  os_var.o(.data)
    OSQQty                                   0x2000009c   Data           2  os_var.o(.data)
    OSSchedLockNestingCtr                    0x2000009e   Data           1  os_var.o(.data)
    OSSemDbgListPtr                          0x200000a0   Data           4  os_var.o(.data)
    OSSemQty                                 0x200000a4   Data           2  os_var.o(.data)
    OSStatResetFlag                          0x200000a6   Data           1  os_var.o(.data)
    OSStatTaskCPUUsage                       0x200000a8   Data           2  os_var.o(.data)
    OSStatTaskCPUUsageMax                    0x200000aa   Data           2  os_var.o(.data)
    OSStatTaskCtr                            0x200000ac   Data           4  os_var.o(.data)
    OSStatTaskCtrMax                         0x200000b0   Data           4  os_var.o(.data)
    OSStatTaskCtrRun                         0x200000b4   Data           4  os_var.o(.data)
    OSStatTaskRdy                            0x200000b8   Data           1  os_var.o(.data)
    OSStatTaskTimeMax                        0x200000bc   Data           4  os_var.o(.data)
    OSTaskCtxSwCtr                           0x200000c0   Data           4  os_var.o(.data)
    OSTaskDbgListPtr                         0x200000c4   Data           4  os_var.o(.data)
    OSTaskQty                                0x200000c8   Data           2  os_var.o(.data)
    OSTaskRegNextAvailID                     0x200000ca   Data           1  os_var.o(.data)
    OSTickCtr                                0x200000cc   Data           4  os_var.o(.data)
    OSTickTaskTimeMax                        0x200000d0   Data           4  os_var.o(.data)
    OSTickListDly                            0x200000d4   Data           8  os_var.o(.data)
    OSTickListTimeout                        0x200000dc   Data           8  os_var.o(.data)
    OSTmrDbgListPtr                          0x200000e4   Data           4  os_var.o(.data)
    OSTmrListEntries                         0x200000e8   Data           2  os_var.o(.data)
    OSTmrListPtr                             0x200000ec   Data           4  os_var.o(.data)
    OSTmrTaskTimeMax                         0x200000f0   Data           4  os_var.o(.data)
    OSTmrTickCtr                             0x200000f4   Data           4  os_var.o(.data)
    OSTmrUpdateCnt                           0x200000f8   Data           4  os_var.o(.data)
    OSTmrUpdateCtr                           0x200000fc   Data           4  os_var.o(.data)
    OSTCBCurPtr                              0x20000100   Data           4  os_var.o(.data)
    OSTCBHighRdyPtr                          0x20000104   Data           4  os_var.o(.data)
    OS_CPU_ExceptStkBase                     0x20000108   Data           4  os_cpu_c.o(.data)
    StartTaskTCB                             0x20000110   Data         192  main.o(.bss)
    START_TASK_STK                           0x200001d0   Data        2048  main.o(.bss)
    Led0TaskTCB                              0x200009d0   Data         192  main.o(.bss)
    LED0_TASK_STK                            0x20000a90   Data         512  main.o(.bss)
    Led1TaskTCB                              0x20000c90   Data         192  main.o(.bss)
    LED1_TASK_STK                            0x20000d50   Data         512  main.o(.bss)
    FloatTaskTCB                             0x20000f50   Data         192  main.o(.bss)
    FLOAT_TASK_STK                           0x20001010   Data        1024  main.o(.bss)
    USART_RX_BUF                             0x20001410   Data         200  usart.o(.bss)
    UART1_Handler                            0x200014d8   Data          64  usart.o(.bss)
    CPU_Name                                 0x20001518   Data          16  cpu_core.o(.bss)
    OSCfg_IdleTaskStk                        0x20001528   Data         512  os_cfg_app.o(.bss)
    OSCfg_ISRStk                             0x20001728   Data         400  os_cfg_app.o(.bss)
    OSCfg_MsgPool                            0x200018b8   Data        1600  os_cfg_app.o(.bss)
    OSCfg_StatTaskStk                        0x20001ef8   Data         400  os_cfg_app.o(.bss)
    OSCfg_TickTaskStk                        0x20002088   Data         512  os_cfg_app.o(.bss)
    OSCfg_TmrTaskStk                         0x20002288   Data         512  os_cfg_app.o(.bss)
    OSIdleTaskTCB                            0x20002488   Data         192  os_var.o(.bss)
    OSMsgPool                                0x20002548   Data          12  os_var.o(.bss)
    OSRdyList                                0x20002554   Data         768  os_var.o(.bss)
    OSStatTaskTCB                            0x20002854   Data         192  os_var.o(.bss)
    OSTickTaskTCB                            0x20002914   Data         192  os_var.o(.bss)
    OSTmrMutex                               0x200029d4   Data          48  os_var.o(.bss)
    OSTmrTaskTCB                             0x20002a04   Data         192  os_var.o(.bss)
    __libspace_start                         0x20002ac4   Data          96  libspace.o(.bss)
    __temporary_stack_top$libspace           0x20002b24   Data           0  libspace.o(.bss)



==============================================================================

Memory Map of the image

  Image Entry point : 0x080001ad

  Load Region LR_IROM1 (Base: 0x08000000, Size: 0x000052d4, Max: 0x00100000, ABSOLUTE)

    Execution Region ER_IROM1 (Exec base: 0x08000000, Load base: 0x08000000, Size: 0x000051c8, Max: 0x00100000, ABSOLUTE)

    Exec Addr    Load Addr    Size         Type   Attr      Idx    E Section Name        Object

    0x08000000   0x08000000   0x000001ac   Data   RO          560    RESET               startup_stm32f429xx.o
    0x080001ac   0x080001ac   0x00000008   Code   RO         4085  * !!!main             c_w.l(__main.o)
    0x080001b4   0x080001b4   0x00000034   Code   RO         4315    !!!scatter          c_w.l(__scatter.o)
    0x080001e8   0x080001e8   0x0000001a   Code   RO         4317    !!handler_copy      c_w.l(__scatter_copy.o)
    0x08000202   0x08000202   0x00000002   PAD
    0x08000204   0x08000204   0x0000001c   Code   RO         4319    !!handler_zi        c_w.l(__scatter_zi.o)
    0x08000220   0x08000220   0x00000000   Code   RO         4082    .ARM.Collect$$_printf_percent$$00000000  c_w.l(_printf_percent.o)
    0x08000220   0x08000220   0x00000006   Code   RO         4081    .ARM.Collect$$_printf_percent$$00000003  c_w.l(_printf_f.o)
    0x08000226   0x08000226   0x00000004   Code   RO         4102    .ARM.Collect$$_printf_percent$$00000017  c_w.l(_printf_percent_end.o)
    0x0800022a   0x0800022a   0x00000002   Code   RO         4192    .ARM.Collect$$libinit$$00000000  c_w.l(libinit.o)
    0x0800022c   0x0800022c   0x00000004   Code   RO         4193    .ARM.Collect$$libinit$$00000001  c_w.l(libinit2.o)
    0x08000230   0x08000230   0x00000000   Code   RO         4196    .ARM.Collect$$libinit$$00000004  c_w.l(libinit2.o)
    0x08000230   0x08000230   0x00000000   Code   RO         4199    .ARM.Collect$$libinit$$0000000A  c_w.l(libinit2.o)
    0x08000230   0x08000230   0x00000000   Code   RO         4201    .ARM.Collect$$libinit$$0000000C  c_w.l(libinit2.o)
    0x08000230   0x08000230   0x00000000   Code   RO         4203    .ARM.Collect$$libinit$$0000000E  c_w.l(libinit2.o)
    0x08000230   0x08000230   0x00000006   Code   RO         4204    .ARM.Collect$$libinit$$0000000F  c_w.l(libinit2.o)
    0x08000236   0x08000236   0x00000000   Code   RO         4206    .ARM.Collect$$libinit$$00000011  c_w.l(libinit2.o)
    0x08000236   0x08000236   0x00000000   Code   RO         4208    .ARM.Collect$$libinit$$00000013  c_w.l(libinit2.o)
    0x08000236   0x08000236   0x00000000   Code   RO         4210    .ARM.Collect$$libinit$$00000015  c_w.l(libinit2.o)
    0x08000236   0x08000236   0x0000000a   Code   RO         4211    .ARM.Collect$$libinit$$00000016  c_w.l(libinit2.o)
    0x08000240   0x08000240   0x00000000   Code   RO         4212    .ARM.Collect$$libinit$$00000017  c_w.l(libinit2.o)
    0x08000240   0x08000240   0x00000000   Code   RO         4214    .ARM.Collect$$libinit$$00000019  c_w.l(libinit2.o)
    0x08000240   0x08000240   0x00000000   Code   RO         4216    .ARM.Collect$$libinit$$0000001B  c_w.l(libinit2.o)
    0x08000240   0x08000240   0x00000000   Code   RO         4218    .ARM.Collect$$libinit$$0000001D  c_w.l(libinit2.o)
    0x08000240   0x08000240   0x00000000   Code   RO         4220    .ARM.Collect$$libinit$$0000001F  c_w.l(libinit2.o)
    0x08000240   0x08000240   0x00000000   Code   RO         4222    .ARM.Collect$$libinit$$00000021  c_w.l(libinit2.o)
    0x08000240   0x08000240   0x00000000   Code   RO         4224    .ARM.Collect$$libinit$$00000023  c_w.l(libinit2.o)
    0x08000240   0x08000240   0x00000000   Code   RO         4226    .ARM.Collect$$libinit$$00000025  c_w.l(libinit2.o)
    0x08000240   0x08000240   0x00000000   Code   RO         4230    .ARM.Collect$$libinit$$0000002C  c_w.l(libinit2.o)
    0x08000240   0x08000240   0x00000000   Code   RO         4232    .ARM.Collect$$libinit$$0000002E  c_w.l(libinit2.o)
    0x08000240   0x08000240   0x00000000   Code   RO         4234    .ARM.Collect$$libinit$$00000030  c_w.l(libinit2.o)
    0x08000240   0x08000240   0x00000000   Code   RO         4236    .ARM.Collect$$libinit$$00000032  c_w.l(libinit2.o)
    0x08000240   0x08000240   0x00000002   Code   RO         4237    .ARM.Collect$$libinit$$00000033  c_w.l(libinit2.o)
    0x08000242   0x08000242   0x00000002   Code   RO         4279    .ARM.Collect$$libshutdown$$00000000  c_w.l(libshutdown.o)
    0x08000244   0x08000244   0x00000000   Code   RO         4298    .ARM.Collect$$libshutdown$$00000002  c_w.l(libshutdown2.o)
    0x08000244   0x08000244   0x00000000   Code   RO         4300    .ARM.Collect$$libshutdown$$00000004  c_w.l(libshutdown2.o)
    0x08000244   0x08000244   0x00000000   Code   RO         4303    .ARM.Collect$$libshutdown$$00000007  c_w.l(libshutdown2.o)
    0x08000244   0x08000244   0x00000000   Code   RO         4306    .ARM.Collect$$libshutdown$$0000000A  c_w.l(libshutdown2.o)
    0x08000244   0x08000244   0x00000000   Code   RO         4308    .ARM.Collect$$libshutdown$$0000000C  c_w.l(libshutdown2.o)
    0x08000244   0x08000244   0x00000000   Code   RO         4311    .ARM.Collect$$libshutdown$$0000000F  c_w.l(libshutdown2.o)
    0x08000244   0x08000244   0x00000002   Code   RO         4312    .ARM.Collect$$libshutdown$$00000010  c_w.l(libshutdown2.o)
    0x08000246   0x08000246   0x00000000   Code   RO         4093    .ARM.Collect$$rtentry$$00000000  c_w.l(__rtentry.o)
    0x08000246   0x08000246   0x00000000   Code   RO         4109    .ARM.Collect$$rtentry$$00000002  c_w.l(__rtentry2.o)
    0x08000246   0x08000246   0x00000006   Code   RO         4121    .ARM.Collect$$rtentry$$00000004  c_w.l(__rtentry4.o)
    0x0800024c   0x0800024c   0x00000000   Code   RO         4111    .ARM.Collect$$rtentry$$00000009  c_w.l(__rtentry2.o)
    0x0800024c   0x0800024c   0x00000004   Code   RO         4112    .ARM.Collect$$rtentry$$0000000A  c_w.l(__rtentry2.o)
    0x08000250   0x08000250   0x00000000   Code   RO         4114    .ARM.Collect$$rtentry$$0000000C  c_w.l(__rtentry2.o)
    0x08000250   0x08000250   0x00000008   Code   RO         4115    .ARM.Collect$$rtentry$$0000000D  c_w.l(__rtentry2.o)
    0x08000258   0x08000258   0x00000002   Code   RO         4238    .ARM.Collect$$rtexit$$00000000  c_w.l(rtexit.o)
    0x0800025a   0x0800025a   0x00000000   Code   RO         4251    .ARM.Collect$$rtexit$$00000002  c_w.l(rtexit2.o)
    0x0800025a   0x0800025a   0x00000004   Code   RO         4252    .ARM.Collect$$rtexit$$00000003  c_w.l(rtexit2.o)
    0x0800025e   0x0800025e   0x00000006   Code   RO         4253    .ARM.Collect$$rtexit$$00000004  c_w.l(rtexit2.o)
    0x08000264   0x08000264   0x00000068   Code   RO          561    .text               startup_stm32f429xx.o
    0x080002cc   0x080002cc   0x00000034   Code   RO         2260    .text               cpu_a.o
    0x08000300   0x08000300   0x00000002   Code   RO         4051    .text               c_w.l(use_no_semi_2.o)
    0x08000302   0x08000302   0x00000002   PAD
    0x08000304   0x08000304   0x00000018   Code   RO         4057    .text               c_w.l(noretval__2printf.o)
    0x0800031c   0x0800031c   0x0000010e   Code   RO         4069    .text               c_w.l(__printf_wp.o)
    0x0800042a   0x0800042a   0x00000006   Code   RO         4083    .text               c_w.l(heapauxi.o)
    0x08000430   0x08000430   0x00000002   Code   RO         4091    .text               c_w.l(use_no_semi.o)
    0x08000432   0x08000432   0x0000041e   Code   RO         4098    .text               c_w.l(_printf_fp_dec.o)
    0x08000850   0x08000850   0x00000024   Code   RO         4100    .text               c_w.l(_printf_char_file.o)
    0x08000874   0x08000874   0x00000008   Code   RO         4128    .text               c_w.l(rt_locale_intlibspace.o)
    0x0800087c   0x0800087c   0x0000008a   Code   RO         4130    .text               c_w.l(lludiv10.o)
    0x08000906   0x08000906   0x00000002   PAD
    0x08000908   0x08000908   0x00000030   Code   RO         4132    .text               c_w.l(_printf_char_common.o)
    0x08000938   0x08000938   0x00000080   Code   RO         4134    .text               c_w.l(_printf_fp_infnan.o)
    0x080009b8   0x080009b8   0x000000e4   Code   RO         4136    .text               c_w.l(bigflt0.o)
    0x08000a9c   0x08000a9c   0x00000008   Code   RO         4161    .text               c_w.l(ferror.o)
    0x08000aa4   0x08000aa4   0x00000008   Code   RO         4172    .text               c_w.l(libspace.o)
    0x08000aac   0x08000aac   0x0000004a   Code   RO         4175    .text               c_w.l(sys_stackheap_outer.o)
    0x08000af6   0x08000af6   0x00000012   Code   RO         4179    .text               c_w.l(exit.o)
    0x08000b08   0x08000b08   0x00000080   Code   RO         4185    .text               c_w.l(strcmpv7m.o)
    0x08000b88   0x08000b88   0x0000003e   Code   RO         4139    CL$$btod_d2e        c_w.l(btod.o)
    0x08000bc6   0x08000bc6   0x00000046   Code   RO         4141    CL$$btod_d2e_denorm_low  c_w.l(btod.o)
    0x08000c0c   0x08000c0c   0x00000060   Code   RO         4140    CL$$btod_d2e_norm_op1  c_w.l(btod.o)
    0x08000c6c   0x08000c6c   0x00000338   Code   RO         4149    CL$$btod_div_common  c_w.l(btod.o)
    0x08000fa4   0x08000fa4   0x000000dc   Code   RO         4146    CL$$btod_e2e        c_w.l(btod.o)
    0x08001080   0x08001080   0x0000002a   Code   RO         4143    CL$$btod_ediv       c_w.l(btod.o)
    0x080010aa   0x080010aa   0x0000002a   Code   RO         4142    CL$$btod_emul       c_w.l(btod.o)
    0x080010d4   0x080010d4   0x00000244   Code   RO         4148    CL$$btod_mult_common  c_w.l(btod.o)
    0x08001318   0x08001318   0x00000118   Code   RO         3965    CODE                os_cpu_a.o
    0x08001430   0x08001430   0x00000002   Code   RO          355    i.BusFault_Handler  stm32f4xx_it.o
    0x08001432   0x08001432   0x00000002   PAD
    0x08001434   0x08001434   0x0000001c   Code   RO         2107    i.CPU_Init          cpu_core.o
    0x08001450   0x08001450   0x0000004c   Code   RO         2108    i.CPU_IntDisMeasInit  cpu_core.o
    0x0800149c   0x0800149c   0x00000014   Code   RO         2109    i.CPU_IntDisMeasMaxCalc  cpu_core.o
    0x080014b0   0x080014b0   0x0000001c   Code   RO         2110    i.CPU_IntDisMeasMaxCurGet  cpu_core.o
    0x080014cc   0x080014cc   0x00000020   Code   RO         2111    i.CPU_IntDisMeasMaxCurReset  cpu_core.o
    0x080014ec   0x080014ec   0x0000001c   Code   RO         2112    i.CPU_IntDisMeasMaxGet  cpu_core.o
    0x08001508   0x08001508   0x00000020   Code   RO         2113    i.CPU_IntDisMeasStart  cpu_core.o
    0x08001528   0x08001528   0x00000030   Code   RO         2114    i.CPU_IntDisMeasStop  cpu_core.o
    0x08001558   0x08001558   0x00000028   Code   RO         2115    i.CPU_NameClr       cpu_core.o
    0x08001580   0x08001580   0x0000000c   Code   RO         2122    i.CPU_TS_TmrFreqSet  cpu_core.o
    0x0800158c   0x0800158c   0x00000030   Code   RO         2001    i.CPU_TS_TmrInit    bsp.o
    0x080015bc   0x080015bc   0x0000000c   Code   RO         2002    i.CPU_TS_TmrRd      bsp.o
    0x080015c8   0x080015c8   0x00000002   Code   RO          356    i.DebugMon_Handler  stm32f4xx_it.o
    0x080015ca   0x080015ca   0x00000002   PAD
    0x080015cc   0x080015cc   0x000001dc   Code   RO          852    i.HAL_GPIO_Init     stm32f4xx_hal_gpio.o
    0x080017a8   0x080017a8   0x0000000a   Code   RO          856    i.HAL_GPIO_WritePin  stm32f4xx_hal_gpio.o
    0x080017b2   0x080017b2   0x00000002   PAD
    0x080017b4   0x080017b4   0x0000000c   Code   RO          583    i.HAL_GetTick       stm32f4xx_hal.o
    0x080017c0   0x080017c0   0x00000010   Code   RO          584    i.HAL_IncTick       stm32f4xx_hal.o
    0x080017d0   0x080017d0   0x00000034   Code   RO          585    i.HAL_Init          stm32f4xx_hal.o
    0x08001804   0x08001804   0x00000022   Code   RO          586    i.HAL_InitTick      stm32f4xx_hal.o
    0x08001826   0x08001826   0x00000008   Code   RO          588    i.HAL_MspInit       stm32f4xx_hal.o
    0x0800182e   0x0800182e   0x00000016   Code   RO          729    i.HAL_NVIC_EnableIRQ  stm32f4xx_hal_cortex.o
    0x08001844   0x08001844   0x00000040   Code   RO          735    i.HAL_NVIC_SetPriority  stm32f4xx_hal_cortex.o
    0x08001884   0x08001884   0x00000024   Code   RO          736    i.HAL_NVIC_SetPriorityGrouping  stm32f4xx_hal_cortex.o
    0x080018a8   0x080018a8   0x00000088   Code   RO         1041    i.HAL_PWREx_EnableOverDrive  stm32f4xx_hal_pwr_ex.o
    0x08001930   0x08001930   0x00000208   Code   RO         1108    i.HAL_RCC_ClockConfig  stm32f4xx_hal_rcc.o
    0x08001b38   0x08001b38   0x00000034   Code   RO         1113    i.HAL_RCC_GetHCLKFreq  stm32f4xx_hal_rcc.o
    0x08001b6c   0x08001b6c   0x0000002c   Code   RO         1115    i.HAL_RCC_GetPCLK1Freq  stm32f4xx_hal_rcc.o
    0x08001b98   0x08001b98   0x0000002c   Code   RO         1116    i.HAL_RCC_GetPCLK2Freq  stm32f4xx_hal_rcc.o
    0x08001bc4   0x08001bc4   0x00000074   Code   RO         1117    i.HAL_RCC_GetSysClockFreq  stm32f4xx_hal_rcc.o
    0x08001c38   0x08001c38   0x0000031c   Code   RO         1120    i.HAL_RCC_OscConfig  stm32f4xx_hal_rcc.o
    0x08001f54   0x08001f54   0x00000018   Code   RO          738    i.HAL_SYSTICK_CLKSourceConfig  stm32f4xx_hal_cortex.o
    0x08001f6c   0x08001f6c   0x00000028   Code   RO          740    i.HAL_SYSTICK_Config  stm32f4xx_hal_cortex.o
    0x08001f94   0x08001f94   0x00000002   Code   RO         1260    i.HAL_UART_ErrorCallback  stm32f4xx_hal_uart.o
    0x08001f96   0x08001f96   0x000000f4   Code   RO         1263    i.HAL_UART_IRQHandler  stm32f4xx_hal_uart.o
    0x0800208a   0x0800208a   0x0000005e   Code   RO         1264    i.HAL_UART_Init     stm32f4xx_hal_uart.o
    0x080020e8   0x080020e8   0x0000007c   Code   RO         1915    i.HAL_UART_MspInit  usart.o
    0x08002164   0x08002164   0x000000ca   Code   RO         1267    i.HAL_UART_Receive  stm32f4xx_hal_uart.o
    0x0800222e   0x0800222e   0x00000068   Code   RO         1269    i.HAL_UART_Receive_IT  stm32f4xx_hal_uart.o
    0x08002296   0x08002296   0x00000002   Code   RO         1270    i.HAL_UART_RxCpltCallback  stm32f4xx_hal_uart.o
    0x08002298   0x08002298   0x00000002   Code   RO         1275    i.HAL_UART_TxCpltCallback  stm32f4xx_hal_uart.o
    0x0800229a   0x0800229a   0x00000002   Code   RO          357    i.HardFault_Handler  stm32f4xx_it.o
    0x0800229c   0x0800229c   0x0000004c   Code   RO         1975    i.LED_Init          led.o
    0x080022e8   0x080022e8   0x00000002   Code   RO          358    i.MemManage_Handler  stm32f4xx_it.o
    0x080022ea   0x080022ea   0x00000008   Code   RO         2403    i.Mem_Clr           lib_mem.o
    0x080022f2   0x080022f2   0x0000003e   Code   RO         2429    i.Mem_Set           lib_mem.o
    0x08002330   0x08002330   0x00000002   Code   RO          359    i.NMI_Handler       stm32f4xx_it.o
    0x08002332   0x08002332   0x00000020   Code   RO          742    i.NVIC_SetPriority  stm32f4xx_hal_cortex.o
    0x08002352   0x08002352   0x00000002   Code   RO         2733    i.OSCfg_Init        os_cfg_app.o
    0x08002354   0x08002354   0x00000010   Code   RO         3880    i.OSIdleTaskHook    os_cpu_c.o
    0x08002364   0x08002364   0x00000140   Code   RO         2797    i.OSInit            os_core.o
    0x080024a4   0x080024a4   0x00000024   Code   RO         3881    i.OSInitHook        os_cpu_c.o
    0x080024c8   0x080024c8   0x00000020   Code   RO         2798    i.OSIntEnter        os_core.o
    0x080024e8   0x080024e8   0x00000084   Code   RO         2799    i.OSIntExit         os_core.o
    0x0800256c   0x0800256c   0x00000054   Code   RO         3161    i.OSMutexCreate     os_mutex.o
    0x080025c0   0x080025c0   0x0000015c   Code   RO         3162    i.OSMutexPend       os_mutex.o
    0x0800271c   0x0800271c   0x00000134   Code   RO         3163    i.OSMutexPost       os_mutex.o
    0x08002850   0x08002850   0x0000007c   Code   RO         2800    i.OSSched           os_core.o
    0x080028cc   0x080028cc   0x00000048   Code   RO         2801    i.OSSchedLock       os_core.o
    0x08002914   0x08002914   0x00000060   Code   RO         2802    i.OSSchedUnlock     os_core.o
    0x08002974   0x08002974   0x00000058   Code   RO         2803    i.OSStart           os_core.o
    0x080029cc   0x080029cc   0x000000d4   Code   RO         3442    i.OSStatReset       os_stat.o
    0x08002aa0   0x08002aa0   0x000000b4   Code   RO         3443    i.OSStatTaskCPUUsageInit  os_stat.o
    0x08002b54   0x08002b54   0x00000010   Code   RO         3882    i.OSStatTaskHook    os_cpu_c.o
    0x08002b64   0x08002b64   0x00000114   Code   RO         3473    i.OSTaskCreate      os_task.o
    0x08002c78   0x08002c78   0x00000010   Code   RO         3883    i.OSTaskCreateHook  os_cpu_c.o
    0x08002c88   0x08002c88   0x0000013c   Code   RO         3474    i.OSTaskDel         os_task.o
    0x08002dc4   0x08002dc4   0x00000010   Code   RO         3884    i.OSTaskDelHook     os_cpu_c.o
    0x08002dd4   0x08002dd4   0x00000026   Code   RO         3482    i.OSTaskResume      os_task.o
    0x08002dfa   0x08002dfa   0x00000002   PAD
    0x08002dfc   0x08002dfc   0x00000010   Code   RO         3885    i.OSTaskReturnHook  os_cpu_c.o
    0x08002e0c   0x08002e0c   0x0000011c   Code   RO         3483    i.OSTaskSemPend     os_task.o
    0x08002f28   0x08002f28   0x0000001c   Code   RO         3485    i.OSTaskSemPost     os_task.o
    0x08002f44   0x08002f44   0x0000008c   Code   RO         3487    i.OSTaskStkChk      os_task.o
    0x08002fd0   0x08002fd0   0x000001a4   Code   RO         3886    i.OSTaskStkInit     os_cpu_c.o
    0x08003174   0x08003174   0x00000018   Code   RO         3488    i.OSTaskSuspend     os_task.o
    0x0800318c   0x0800318c   0x00000070   Code   RO         3887    i.OSTaskSwHook      os_cpu_c.o
    0x080031fc   0x080031fc   0x00000084   Code   RO         3686    i.OSTimeDly         os_time.o
    0x08003280   0x08003280   0x000000c4   Code   RO         3687    i.OSTimeDlyHMSM     os_time.o
    0x08003344   0x08003344   0x0000003c   Code   RO         3690    i.OSTimeTick        os_time.o
    0x08003380   0x08003380   0x00000010   Code   RO         3888    i.OSTimeTickHook    os_cpu_c.o
    0x08003390   0x08003390   0x00000002   Code   RO         2994    i.OS_Dbg_Init       os_dbg.o
    0x08003392   0x08003392   0x00000002   PAD
    0x08003394   0x08003394   0x00000018   Code   RO         3019    i.OS_FlagInit       os_flag.o
    0x080033ac   0x080033ac   0x00000034   Code   RO         2805    i.OS_IdleTask       os_core.o
    0x080033e0   0x080033e0   0x00000068   Code   RO         2806    i.OS_IdleTaskInit   os_core.o
    0x08003448   0x08003448   0x00000018   Code   RO         3093    i.OS_MemInit        os_mem.o
    0x08003460   0x08003460   0x00000054   Code   RO         3125    i.OS_MsgPoolInit    os_msg.o
    0x080034b4   0x080034b4   0x00000034   Code   RO         3126    i.OS_MsgQFreeAll    os_msg.o
    0x080034e8   0x080034e8   0x0000000e   Code   RO         3128    i.OS_MsgQInit       os_msg.o
    0x080034f6   0x080034f6   0x00000002   PAD
    0x080034f8   0x080034f8   0x00000024   Code   RO         3165    i.OS_MutexDbgListAdd  os_mutex.o
    0x0800351c   0x0800351c   0x00000052   Code   RO         3168    i.OS_MutexGrpPostAll  os_mutex.o
    0x0800356e   0x0800356e   0x00000022   Code   RO         3169    i.OS_MutexGrpPrioFindHighest  os_mutex.o
    0x08003590   0x08003590   0x00000014   Code   RO         3170    i.OS_MutexGrpRemove  os_mutex.o
    0x080035a4   0x080035a4   0x00000018   Code   RO         3171    i.OS_MutexInit      os_mutex.o
    0x080035bc   0x080035bc   0x00000050   Code   RO         2807    i.OS_Pend           os_core.o
    0x0800360c   0x0800360c   0x00000032   Code   RO         2810    i.OS_PendDataInit   os_core.o
    0x0800363e   0x0800363e   0x00000002   PAD
    0x08003640   0x08003640   0x00000048   Code   RO         2811    i.OS_PendDbgNameAdd  os_core.o
    0x08003688   0x08003688   0x0000001c   Code   RO         2812    i.OS_PendDbgNameRemove  os_core.o
    0x080036a4   0x080036a4   0x00000030   Code   RO         2813    i.OS_PendListChangePrio  os_core.o
    0x080036d4   0x080036d4   0x0000000a   Code   RO         2814    i.OS_PendListInit   os_core.o
    0x080036de   0x080036de   0x0000005a   Code   RO         2816    i.OS_PendListInsertPrio  os_core.o
    0x08003738   0x08003738   0x0000002a   Code   RO         2817    i.OS_PendListRemove  os_core.o
    0x08003762   0x08003762   0x00000036   Code   RO         2818    i.OS_PendListRemove1  os_core.o
    0x08003798   0x08003798   0x000000b2   Code   RO         2821    i.OS_Post           os_core.o
    0x0800384a   0x0800384a   0x00000028   Code   RO         2822    i.OS_Post1          os_core.o
    0x08003872   0x08003872   0x00000002   PAD
    0x08003874   0x08003874   0x00000024   Code   RO         3261    i.OS_PrioGetHighest  os_prio.o
    0x08003898   0x08003898   0x00000018   Code   RO         3262    i.OS_PrioInit       os_prio.o
    0x080038b0   0x080038b0   0x00000020   Code   RO         3263    i.OS_PrioInsert     os_prio.o
    0x080038d0   0x080038d0   0x00000020   Code   RO         3264    i.OS_PrioRemove     os_prio.o
    0x080038f0   0x080038f0   0x00000018   Code   RO         3307    i.OS_QInit          os_q.o
    0x08003908   0x08003908   0x00000024   Code   RO         2823    i.OS_RdyListInit    os_core.o
    0x0800392c   0x0800392c   0x00000030   Code   RO         2824    i.OS_RdyListInsert  os_core.o
    0x0800395c   0x0800395c   0x00000038   Code   RO         2825    i.OS_RdyListInsertHead  os_core.o
    0x08003994   0x08003994   0x00000034   Code   RO         2826    i.OS_RdyListInsertTail  os_core.o
    0x080039c8   0x080039c8   0x00000054   Code   RO         2828    i.OS_RdyListRemove  os_core.o
    0x08003a1c   0x08003a1c   0x00000018   Code   RO         3379    i.OS_SemInit        os_sem.o
    0x08003a34   0x08003a34   0x00000248   Code   RO         3444    i.OS_StatTask       os_stat.o
    0x08003c7c   0x08003c7c   0x000000bc   Code   RO         3445    i.OS_StatTaskInit   os_stat.o
    0x08003d38   0x08003d38   0x00000028   Code   RO         2829    i.OS_TaskBlock      os_core.o
    0x08003d60   0x08003d60   0x000000b4   Code   RO         3489    i.OS_TaskChangePrio  os_task.o
    0x08003e14   0x08003e14   0x00000024   Code   RO         3490    i.OS_TaskDbgListAdd  os_task.o
    0x08003e38   0x08003e38   0x00000038   Code   RO         3491    i.OS_TaskDbgListRemove  os_task.o
    0x08003e70   0x08003e70   0x00000020   Code   RO         3492    i.OS_TaskInit       os_task.o
    0x08003e90   0x08003e90   0x000000c4   Code   RO         3493    i.OS_TaskInitTCB    os_task.o
    0x08003f54   0x08003f54   0x000000b8   Code   RO         3495    i.OS_TaskResume     os_task.o
    0x0800400c   0x0800400c   0x00000018   Code   RO         3496    i.OS_TaskReturn     os_task.o
    0x08004024   0x08004024   0x000000ac   Code   RO         3497    i.OS_TaskSemPost    os_task.o
    0x080040d0   0x080040d0   0x000000a8   Code   RO         3498    i.OS_TaskSuspend    os_task.o
    0x08004178   0x08004178   0x0000005e   Code   RO         3640    i.OS_TickListInsert  os_tick.o
    0x080041d6   0x080041d6   0x00000002   PAD
    0x080041d8   0x080041d8   0x0000007c   Code   RO         3641    i.OS_TickListInsertDly  os_tick.o
    0x08004254   0x08004254   0x00000040   Code   RO         3642    i.OS_TickListRemove  os_tick.o
    0x08004294   0x08004294   0x00000084   Code   RO         3643    i.OS_TickListUpdateDly  os_tick.o
    0x08004318   0x08004318   0x000000ec   Code   RO         3644    i.OS_TickListUpdateTimeout  os_tick.o
    0x08004404   0x08004404   0x00000054   Code   RO         3645    i.OS_TickTask       os_tick.o
    0x08004458   0x08004458   0x000000b4   Code   RO         3646    i.OS_TickTaskInit   os_tick.o
    0x0800450c   0x0800450c   0x00000114   Code   RO         3731    i.OS_TmrInit        os_tmr.o
    0x08004620   0x08004620   0x00000018   Code   RO         3732    i.OS_TmrLock        os_tmr.o
    0x08004638   0x08004638   0x00000098   Code   RO         3733    i.OS_TmrTask        os_tmr.o
    0x080046d0   0x080046d0   0x0000003c   Code   RO         3734    i.OS_TmrUnlink      os_tmr.o
    0x0800470c   0x0800470c   0x00000014   Code   RO         3735    i.OS_TmrUnlock      os_tmr.o
    0x08004720   0x08004720   0x00000002   Code   RO          360    i.SVC_Handler       stm32f4xx_it.o
    0x08004722   0x08004722   0x00000002   PAD
    0x08004724   0x08004724   0x00000084   Code   RO         1888    i.Stm32_Clock_Init  sys.o
    0x080047a8   0x080047a8   0x00000024   Code   RO         1827    i.SysTick_Handler   delay.o
    0x080047cc   0x080047cc   0x00000054   Code   RO          426    i.SystemInit        system_stm32f4xx.o
    0x08004820   0x08004820   0x000000a6   Code   RO         1282    i.UART_Receive_IT   stm32f4xx_hal_uart.o
    0x080048c6   0x080048c6   0x00000002   PAD
    0x080048c8   0x080048c8   0x00000174   Code   RO         1283    i.UART_SetConfig    stm32f4xx_hal_uart.o
    0x08004a3c   0x08004a3c   0x00000066   Code   RO         1284    i.UART_Transmit_IT  stm32f4xx_hal_uart.o
    0x08004aa2   0x08004aa2   0x00000092   Code   RO         1285    i.UART_WaitOnFlagUntilTimeout  stm32f4xx_hal_uart.o
    0x08004b34   0x08004b34   0x00000074   Code   RO         1916    i.USART1_IRQHandler  usart.o
    0x08004ba8   0x08004ba8   0x00000002   Code   RO          361    i.UsageFault_Handler  stm32f4xx_it.o
    0x08004baa   0x08004baa   0x00000030   Code   RO         4170    i.__ARM_fpclassify  m_wm.l(fpclassify.o)
    0x08004bda   0x08004bda   0x0000000e   Code   RO         4071    i._is_digit         c_w.l(__printf_wp.o)
    0x08004be8   0x08004be8   0x00000002   Code   RO         1917    i._sys_exit         usart.o
    0x08004bea   0x08004bea   0x00000002   PAD
    0x08004bec   0x08004bec   0x0000004c   Code   RO         1828    i.delay_init        delay.o
    0x08004c38   0x08004c38   0x00000044   Code   RO         1829    i.delay_ms          delay.o
    0x08004c7c   0x08004c7c   0x0000000c   Code   RO         1832    i.delay_ostimedly   delay.o
    0x08004c88   0x08004c88   0x00000044   Code   RO         1833    i.delay_us          delay.o
    0x08004ccc   0x08004ccc   0x0000006c   Code   RO            4    i.float_task        main.o
    0x08004d38   0x08004d38   0x00000014   Code   RO         1918    i.fputc             usart.o
    0x08004d4c   0x08004d4c   0x0000003c   Code   RO            5    i.led0_task         main.o
    0x08004d88   0x08004d88   0x00000024   Code   RO            6    i.led1_task         main.o
    0x08004dac   0x08004dac   0x0000008c   Code   RO            7    i.main              main.o
    0x08004e38   0x08004e38   0x000000f4   Code   RO            8    i.start_task        main.o
    0x08004f2c   0x08004f2c   0x00000038   Code   RO         1919    i.uart_init         usart.o
    0x08004f64   0x08004f64   0x0000002c   Code   RO         4166    locale$$code        c_w.l(lc_numeric_c.o)
    0x08004f90   0x08004f90   0x0000000c   Code   RO         4103    x$fpl$dretinf       fz_wm.l(dretinf.o)
    0x08004f9c   0x08004f9c   0x00000056   Code   RO         4087    x$fpl$f2d           fz_wm.l(f2d.o)
    0x08004ff2   0x08004ff2   0x0000008c   Code   RO         4105    x$fpl$fnaninf       fz_wm.l(fnaninf.o)
    0x0800507e   0x0800507e   0x0000000a   Code   RO         4248    x$fpl$fpinit        fz_wm.l(fpinit.o)
    0x08005088   0x08005088   0x00000004   Code   RO         4089    x$fpl$printf1       fz_wm.l(printf1.o)
    0x0800508c   0x0800508c   0x00000000   Code   RO         4107    x$fpl$usenofp       fz_wm.l(usenofp.o)
    0x0800508c   0x0800508c   0x00000010   Data   RO         1121    .constdata          stm32f4xx_hal_rcc.o
    0x0800509c   0x0800509c   0x00000004   Data   RO         2740    .constdata          os_cfg_app.o
    0x080050a0   0x080050a0   0x00000004   Data   RO         2741    .constdata          os_cfg_app.o
    0x080050a4   0x080050a4   0x00000004   Data   RO         2742    .constdata          os_cfg_app.o
    0x080050a8   0x080050a8   0x00000004   Data   RO         2751    .constdata          os_cfg_app.o
    0x080050ac   0x080050ac   0x00000004   Data   RO         2752    .constdata          os_cfg_app.o
    0x080050b0   0x080050b0   0x00000002   Data   RO         2754    .constdata          os_cfg_app.o
    0x080050b2   0x080050b2   0x00000002   PAD
    0x080050b4   0x080050b4   0x00000004   Data   RO         2756    .constdata          os_cfg_app.o
    0x080050b8   0x080050b8   0x00000001   Data   RO         2757    .constdata          os_cfg_app.o
    0x080050b9   0x080050b9   0x00000003   PAD
    0x080050bc   0x080050bc   0x00000004   Data   RO         2758    .constdata          os_cfg_app.o
    0x080050c0   0x080050c0   0x00000004   Data   RO         2759    .constdata          os_cfg_app.o
    0x080050c4   0x080050c4   0x00000004   Data   RO         2760    .constdata          os_cfg_app.o
    0x080050c8   0x080050c8   0x00000004   Data   RO         2761    .constdata          os_cfg_app.o
    0x080050cc   0x080050cc   0x00000004   Data   RO         2763    .constdata          os_cfg_app.o
    0x080050d0   0x080050d0   0x00000004   Data   RO         2764    .constdata          os_cfg_app.o
    0x080050d4   0x080050d4   0x00000001   Data   RO         2765    .constdata          os_cfg_app.o
    0x080050d5   0x080050d5   0x00000003   PAD
    0x080050d8   0x080050d8   0x00000004   Data   RO         2766    .constdata          os_cfg_app.o
    0x080050dc   0x080050dc   0x00000004   Data   RO         2767    .constdata          os_cfg_app.o
    0x080050e0   0x080050e0   0x00000004   Data   RO         2768    .constdata          os_cfg_app.o
    0x080050e4   0x080050e4   0x00000001   Data   RO         2770    .constdata          os_cfg_app.o
    0x080050e5   0x080050e5   0x00000003   PAD
    0x080050e8   0x080050e8   0x00000004   Data   RO         2771    .constdata          os_cfg_app.o
    0x080050ec   0x080050ec   0x00000004   Data   RO         2772    .constdata          os_cfg_app.o
    0x080050f0   0x080050f0   0x00000004   Data   RO         2773    .constdata          os_cfg_app.o
    0x080050f4   0x080050f4   0x00000004   Data   RO         2774    .constdata          os_cfg_app.o
    0x080050f8   0x080050f8   0x00000094   Data   RO         4137    .constdata          c_w.l(bigflt0.o)
    0x0800518c   0x0800518c   0x00000020   Data   RO         4313    Region$$Table       anon$$obj.o
    0x080051ac   0x080051ac   0x0000001c   Data   RO         4165    locale$$data        c_w.l(lc_numeric_c.o)


    Execution Region RW_IRAM1 (Exec base: 0x20000000, Load base: 0x080051c8, Size: 0x00003128, Max: 0x00030000, ABSOLUTE)

    Exec Addr    Load Addr    Size         Type   Attr      Idx    E Section Name        Object

    0x20000000   0x080051c8   0x00000004   Data   RW           10    .data               main.o
    0x20000004   0x080051cc   0x00000014   Data   RW          427    .data               system_stm32f4xx.o
    0x20000018   0x080051e0   0x00000004   Data   RW          591    .data               stm32f4xx_hal.o
    0x2000001c   0x080051e4   0x00000008   Data   RW         1834    .data               delay.o
    0x20000024   0x080051ec   0x00000004   Data   RW         1921    .data               usart.o
    0x20000028   0x080051f0   0x00000004   Data   RW         1922    .data               usart.o
    0x2000002c   0x080051f4   0x0000001c   Data   RW         2127    .data               cpu_core.o
    0x20000048   0x08005210   0x00000008   Data   RW         3265    .data               os_prio.o
    0x20000050   0x08005218   0x00000004   Data   RW         3817    .data               os_var.o
    0x20000054   0x0800521c   0x00000004   Data   RW         3818    .data               os_var.o
    0x20000058   0x08005220   0x00000004   Data   RW         3819    .data               os_var.o
    0x2000005c   0x08005224   0x00000004   Data   RW         3820    .data               os_var.o
    0x20000060   0x08005228   0x00000004   Data   RW         3821    .data               os_var.o
    0x20000064   0x0800522c   0x00000004   Data   RW         3822    .data               os_var.o
    0x20000068   0x08005230   0x00000004   Data   RW         3823    .data               os_var.o
    0x2000006c   0x08005234   0x00000004   Data   RW         3824    .data               os_var.o
    0x20000070   0x08005238   0x00000001   Data   RW         3825    .data               os_var.o
    0x20000071   0x08005239   0x00000003   PAD
    0x20000074   0x0800523c   0x00000004   Data   RW         3826    .data               os_var.o
    0x20000078   0x08005240   0x00000001   Data   RW         3827    .data               os_var.o
    0x20000079   0x08005241   0x00000003   PAD
    0x2000007c   0x08005244   0x00000004   Data   RW         3828    .data               os_var.o
    0x20000080   0x08005248   0x00000002   Data   RW         3829    .data               os_var.o
    0x20000082   0x0800524a   0x00000002   PAD
    0x20000084   0x0800524c   0x00000004   Data   RW         3830    .data               os_var.o
    0x20000088   0x08005250   0x00000002   Data   RW         3831    .data               os_var.o
    0x2000008a   0x08005252   0x00000002   PAD
    0x2000008c   0x08005254   0x00000004   Data   RW         3832    .data               os_var.o
    0x20000090   0x08005258   0x00000002   Data   RW         3833    .data               os_var.o
    0x20000092   0x0800525a   0x00000001   Data   RW         3834    .data               os_var.o
    0x20000093   0x0800525b   0x00000001   Data   RW         3835    .data               os_var.o
    0x20000094   0x0800525c   0x00000001   Data   RW         3836    .data               os_var.o
    0x20000095   0x0800525d   0x00000003   PAD
    0x20000098   0x08005260   0x00000004   Data   RW         3837    .data               os_var.o
    0x2000009c   0x08005264   0x00000002   Data   RW         3838    .data               os_var.o
    0x2000009e   0x08005266   0x00000001   Data   RW         3839    .data               os_var.o
    0x2000009f   0x08005267   0x00000001   PAD
    0x200000a0   0x08005268   0x00000004   Data   RW         3840    .data               os_var.o
    0x200000a4   0x0800526c   0x00000002   Data   RW         3841    .data               os_var.o
    0x200000a6   0x0800526e   0x00000001   Data   RW         3842    .data               os_var.o
    0x200000a7   0x0800526f   0x00000001   PAD
    0x200000a8   0x08005270   0x00000002   Data   RW         3843    .data               os_var.o
    0x200000aa   0x08005272   0x00000002   Data   RW         3844    .data               os_var.o
    0x200000ac   0x08005274   0x00000004   Data   RW         3845    .data               os_var.o
    0x200000b0   0x08005278   0x00000004   Data   RW         3846    .data               os_var.o
    0x200000b4   0x0800527c   0x00000004   Data   RW         3847    .data               os_var.o
    0x200000b8   0x08005280   0x00000001   Data   RW         3848    .data               os_var.o
    0x200000b9   0x08005281   0x00000003   PAD
    0x200000bc   0x08005284   0x00000004   Data   RW         3849    .data               os_var.o
    0x200000c0   0x08005288   0x00000004   Data   RW         3850    .data               os_var.o
    0x200000c4   0x0800528c   0x00000004   Data   RW         3851    .data               os_var.o
    0x200000c8   0x08005290   0x00000002   Data   RW         3852    .data               os_var.o
    0x200000ca   0x08005292   0x00000001   Data   RW         3853    .data               os_var.o
    0x200000cb   0x08005293   0x00000001   PAD
    0x200000cc   0x08005294   0x00000004   Data   RW         3854    .data               os_var.o
    0x200000d0   0x08005298   0x00000004   Data   RW         3855    .data               os_var.o
    0x200000d4   0x0800529c   0x00000008   Data   RW         3856    .data               os_var.o
    0x200000dc   0x080052a4   0x00000008   Data   RW         3857    .data               os_var.o
    0x200000e4   0x080052ac   0x00000004   Data   RW         3858    .data               os_var.o
    0x200000e8   0x080052b0   0x00000002   Data   RW         3859    .data               os_var.o
    0x200000ea   0x080052b2   0x00000002   PAD
    0x200000ec   0x080052b4   0x00000004   Data   RW         3860    .data               os_var.o
    0x200000f0   0x080052b8   0x00000004   Data   RW         3862    .data               os_var.o
    0x200000f4   0x080052bc   0x00000004   Data   RW         3863    .data               os_var.o
    0x200000f8   0x080052c0   0x00000004   Data   RW         3864    .data               os_var.o
    0x200000fc   0x080052c4   0x00000004   Data   RW         3865    .data               os_var.o
    0x20000100   0x080052c8   0x00000004   Data   RW         3866    .data               os_var.o
    0x20000104   0x080052cc   0x00000004   Data   RW         3867    .data               os_var.o
    0x20000108   0x080052d0   0x00000004   Data   RW         3891    .data               os_cpu_c.o
    0x2000010c   0x080052d4   0x00000004   PAD
    0x20000110        -       0x00001300   Zero   RW            9    .bss                main.o
    0x20001410        -       0x00000108   Zero   RW         1920    .bss                usart.o
    0x20001518        -       0x00000010   Zero   RW         2124    .bss                cpu_core.o
    0x20001528        -       0x00000200   Zero   RW         2734    .bss                os_cfg_app.o
    0x20001728        -       0x00000190   Zero   RW         2735    .bss                os_cfg_app.o
    0x200018b8        -       0x00000640   Zero   RW         2736    .bss                os_cfg_app.o
    0x20001ef8        -       0x00000190   Zero   RW         2737    .bss                os_cfg_app.o
    0x20002088        -       0x00000200   Zero   RW         2738    .bss                os_cfg_app.o
    0x20002288        -       0x00000200   Zero   RW         2739    .bss                os_cfg_app.o
    0x20002488        -       0x000000c0   Zero   RW         3810    .bss                os_var.o
    0x20002548        -       0x0000000c   Zero   RW         3811    .bss                os_var.o
    0x20002554        -       0x00000300   Zero   RW         3812    .bss                os_var.o
    0x20002854        -       0x000000c0   Zero   RW         3813    .bss                os_var.o
    0x20002914        -       0x000000c0   Zero   RW         3814    .bss                os_var.o
    0x200029d4        -       0x00000030   Zero   RW         3815    .bss                os_var.o
    0x20002a04        -       0x000000c0   Zero   RW         3816    .bss                os_var.o
    0x20002ac4        -       0x00000060   Zero   RW         4173    .bss                c_w.l(libspace.o)
    0x20002b24   0x080052d4   0x00000004   PAD
    0x20002b28        -       0x00000200   Zero   RW          559    HEAP                startup_stm32f429xx.o
    0x20002d28        -       0x00000400   Zero   RW          558    STACK               startup_stm32f429xx.o


==============================================================================

Image component sizes


      Code (inc. data)   RO Data    RW Data    ZI Data      Debug   Object Name

        60         16          0          0          0      11534   bsp.o
        52          0          0          0          0        364   cpu_a.o
       344         48          0         28         16       9275   cpu_core.o
       260         36          0          8          0       4113   delay.o
        76          8          0          0          0        955   led.o
        70          0          0          0          0      13366   lib_mem.o
       588        134          0          4       4864     419707   main.o
         2          0         81          0       3936      19317   os_cfg_app.o
      2028        312          0          0          0      19982   os_core.o
       280         14          0          0          0        456   os_cpu_a.o
       664        160          0          4          0      26008   os_cpu_c.o
         2          0          0          0          0        994   os_dbg.o
        24         10          0          0          0       1097   os_flag.o
        24         10          0          0          0        965   os_mem.o
       150         16          0          0          0       2560   os_msg.o
       936         54          0          0          0       7591   os_mutex.o
       124         18          0          8          0       3222   os_prio.o
        24         10          0          0          0       1025   os_q.o
        24         10          0          0          0       1033   os_sem.o
      1164        200          0          0          0       4451   os_stat.o
      2154        164          0          0          0      14777   os_task.o
       914         96          0          0          0       6715   os_tick.o
       388         38          0          0          0       3053   os_time.o
       532        144          0          0          0       4089   os_tmr.o
         0          0          0        163       1596      17838   os_var.o
       104         34        428          0       1536        876   startup_stm32f429xx.o
       122         16          0          4          0       4460   stm32f4xx_hal.o
       218         14          0          0          0      31213   stm32f4xx_hal_cortex.o
       486         54          0          0          0       2780   stm32f4xx_hal_gpio.o
       136         14          0          0          0       1392   stm32f4xx_hal_pwr_ex.o
      1572         72         16          0          0       6723   stm32f4xx_hal_rcc.o
      1436          8          0          0          0      10088   stm32f4xx_hal_uart.o
        14          0          0          0          0       3423   stm32f4xx_it.o
       132         10          0          0          0       1231   sys.o
        84         18          0         20          0       1177   system_stm32f4xx.o
       318         38          0          8        264       5191   usart.o

    ----------------------------------------------------------------------
     15530       1776        568        268      12216     663041   Object Totals
         0          0         32          0          0          0   (incl. Generated)
        24          0         11         21          4          0   (incl. Padding)

    ----------------------------------------------------------------------

      Code (inc. data)   RO Data    RW Data    ZI Data      Debug   Library Member Name

         8          0          0          0          0         68   __main.o
       284          0          0          0          0        156   __printf_wp.o
         0          0          0          0          0          0   __rtentry.o
        12          0          0          0          0          0   __rtentry2.o
         6          0          0          0          0          0   __rtentry4.o
        52          8          0          0          0          0   __scatter.o
        26          0          0          0          0          0   __scatter_copy.o
        28          0          0          0          0          0   __scatter_zi.o
        48          6          0          0          0         96   _printf_char_common.o
        36          4          0          0          0         80   _printf_char_file.o
         6          0          0          0          0          0   _printf_f.o
      1054          0          0          0          0        216   _printf_fp_dec.o
       128         16          0          0          0         84   _printf_fp_infnan.o
         0          0          0          0          0          0   _printf_percent.o
         4          0          0          0          0          0   _printf_percent_end.o
       228          4        148          0          0         96   bigflt0.o
      1936        128          0          0          0        672   btod.o
        18          0          0          0          0         80   exit.o
         8          0          0          0          0         68   ferror.o
         6          0          0          0          0        152   heapauxi.o
        44         10         28          0          0         76   lc_numeric_c.o
         2          0          0          0          0          0   libinit.o
        22          0          0          0          0          0   libinit2.o
         2          0          0          0          0          0   libshutdown.o
         2          0          0          0          0          0   libshutdown2.o
         8          4          0          0         96         68   libspace.o
       138          0          0          0          0         80   lludiv10.o
        24          4          0          0          0         84   noretval__2printf.o
         8          4          0          0          0         68   rt_locale_intlibspace.o
         2          0          0          0          0          0   rtexit.o
        10          0          0          0          0          0   rtexit2.o
       128          0          0          0          0         68   strcmpv7m.o
        74          0          0          0          0         80   sys_stackheap_outer.o
         2          0          0          0          0         68   use_no_semi.o
         2          0          0          0          0         68   use_no_semi_2.o
        12          0          0          0          0        116   dretinf.o
        86          4          0          0          0        132   f2d.o
       140          4          0          0          0        132   fnaninf.o
        10          0          0          0          0        116   fpinit.o
         4          0          0          0          0        116   printf1.o
         0          0          0          0          0          0   usenofp.o
        48          0          0          0          0        124   fpclassify.o

    ----------------------------------------------------------------------
      4662        196        176          0        100       3164   Library Totals
         6          0          0          0          4          0   (incl. Padding)

    ----------------------------------------------------------------------

      Code (inc. data)   RO Data    RW Data    ZI Data      Debug   Library Name

      4356        188        176          0         96       2428   c_w.l
       252          8          0          0          0        612   fz_wm.l
        48          0          0          0          0        124   m_wm.l

    ----------------------------------------------------------------------
      4662        196        176          0        100       3164   Library Totals

    ----------------------------------------------------------------------

==============================================================================


      Code (inc. data)   RO Data    RW Data    ZI Data      Debug   

     20192       1972        744        268      12316     649005   Grand Totals
     20192       1972        744        268      12316     649005   ELF Image Totals
     20192       1972        744        268          0          0   ROM Totals

==============================================================================

    Total RO  Size (Code + RO Data)                20936 (  20.45kB)
    Total RW  Size (RW Data + ZI Data)             12584 (  12.29kB)
    Total ROM Size (Code + RO Data + RW Data)      21204 (  20.71kB)

==============================================================================

